UEsDBBQAAAAIAMtqHEdZ6ax2MIsAAHyFAQAUAAAAQmFzZTY0X2V4Y2hhbmdlLmh0
bWycfduS48aV4PtEzD+QaUU10EyySFntscFCcftqySupNeq25R0WpUhcCIIEARZA
1kUk92EcsRv7F/u47/M6T/sr+oD9hT3n5AUJkNXyjENuAom8njz3PHnqqvvm/euP
/+27t53Fdp1d/+M/XJnfWET4u463ohMuRFnFW5/9+eO7/u9Z5xK/bNNtFl+/evnh
7e++6Pzyr//nl7/92y//+m+//O3ff/nb//p///4/fvnb/zSvV5eyMrSqwjLdbDvb
x03ss238sL1cijshSxlUuHze7Sz/eReXj5270eCfBqPO8hbfBmGx7hz0S1Eml1ka
xnkVd55f/uM/OPNdHm7TIncED9y9fuuEj45w92W83ZV5Zz5Iqx/SPCruoXAiPDHI
iyj+iDPx/T9MxCCK52KXbf+SxveHgxhsRBnnW9nC646Oda932Gs6d7rhaipm7v5O
lJ3ADwdBET3yyJ877Ir1RI9dM3cgNps4jz4WTuDy2I8GYVU5LEqrTSYemTuOBmW8
Lu5ixx1DhzgTlhd5zA4HembuPswOByfMoPuwjMU2fpvFa5iXw9J5KdYxc3mYDejx
VVFGcenD630abRf4sIjTZLH1hy4P1ExeL9Isgv5ovG64Phy6UK/RtRuufQcLi3xr
IHA41CVvinBHFQeReuLhenBfptvYcULcqo3YfgPAxSW8/vBh9JpK2IRddaEFbr5E
OObBCntMYt0Vgu8a17MehFlRIUwiH18a6xZUAes2VhQheOcE3ojXAIZ1SwCbdR9p
0/z4qNCCXq3N3Ukcwj0N/f1xPB/EIlw44S2uPhRbHDV7dKYzDkUVYqEzhAYuNzgI
ezbdLtJq5oujO9bDWENssUrpB1ZRBUVAYh/TdVzstk645cO6aQkLywFtXavBEhps
y0eN3Hl83xGDl/DxLv7r+2AZwyDsmzQsi6qYbwd//ebrLz9+/I7B6sUWVgMLPFqd
pec6wzbb7eb7GGiu2p5vGAKwQncPtCO24l2abePy4sIJfbvACbl8RVJz3TFCNvLr
ogo2bn/kCV/wFAgki/Nku+BLvvKj6XDGM77mOS/4ZjwvSifxR+PkKh0nvR6RYAIo
NnLxy6KT5jBr2KS7uIRhKxfxrJh3FoCE1bZM84TB3OLpYrAtvi7u4/K1QByDXbIa
TRczd5z5Kxo9mSGRrBCLnzN35WfjOAOOA2VZl8ouLvBh5e7XftZjHdZb8dyPp+sZ
Lu5ixx1DhzgTlhd5zA4HembuPswOByfMoPuwjMU2fpvFa5iXw9J5KdYxc3mYDejx
kO+UPccC6qKbu/uNH9AKCpxn7O6XfjEAJE1hnzqMqHEJy4WxgN7VE44K7eLpcjqa
yf6pu427L6C0mPECanWHk9zfeBt6hBXmfuGOA6CZ1RH+180vLrqbiwtA47KE4dm3
RUcut8IdnJfAV1lvDVQCBAO4DKNw1tkWMCeX513VZ+jnk9wJXW/jFPDjusfjGbwO
EBt4JIknlnBFflHxeWO/E3gr42pTAP9+l8ZZVOHe45YThFKEUOLST4SDT5NpOpvB
hqSwOfdAyLEzryE0H1SLdA40xWGn/QAaLKD/NVASjgZ8a5DE2+/VcF+CXAOUZGpm
fcQRWClCdeGawWMXmTEMd3GB/w62QADwHSTLYJfL0VINY6iJk8G5uksfHwlL9qaz
SMoK/IJixcK1lPYUP8wQH1LV4woY/spP3ePSXx4ONMISvsNeYFXcSj2JpeER0XQ5
swlTIBeTm4ETBNH3sizFI9CvqxhaUDOsgAM+hodD8FauFMRjBO1j18N+emzKeo4i
JmDprCD2AiKq7jZ2J4Hk5TPGYxoXWJ+mlm54cRF0/XyXZRcXqqOg7ojgTiiD4Apc
kO+UPccC6qKbu/uNH9AKCpxn7O6XfjEAJE1hnzqMqHEJy4WxgN7VE44K7eLpcjqa
M2hM3QXTeEY9yv4i4s/1UoOfJA8itgJjJ8AsxVI8fIi3W6D5ajDPxPb9ButWhwMy
dBgtwpFCN5xGs67EGSeBZ9AKAGEc5EeuC+8+VoBxiXweAGEipzvkCBlr/M8k1sPQ
c54AivhzxDmD7cjDEj/BoXkync+AoIgFApLCG7C8IV/6i8lCMT5vCKxHICJ/5BnN
dZxeLWGCgBVdlNrA+DJ/AVjp0KAuVwDNGmyuC9WTaTabZH7gOdZ0DO5kLodv9eQz
mDwQghoHmEYCHIwBujmNalCGFTXeZRYg/sVWtmrcgr3Re961pxj6AQ+IgscKRd/p
RsBh5H76QZNZK44ZfIfSfghwNfKCGIiEV3yVjGMA0wI4BqDO0r/88aZ3qYmYL4lD
LAbVLoDJOCP3cMBJwE4I4P70z+EA4j2dLidMQQsUlc2uWjAAOrA+a82vJZ2Z6SJP
Iu2LgUJZzOcg03/AV0+/fUkaGczerho8eMEjrGYILCxWK0KgRNdDot8QxU1A6p2k
FpCBC5KBQLVO1Pc3qKC/ywqxdaQOJDjbiChCUPdiEGQurBK0wBAHXYsySXM2iXrn
2oV1fe+JntVMqGKP0foYNTDcqMc2D+wI8PiZ4BPQFkdXw8Mh8okPuKgBVNvHLJ4G
M2wZ2SNF1BkuvLna8zM+s1JOENPlsOFPtHxyJU1QPdmBBSy3tfgaRzZSowwGVRlO
JHNy9rsy86iEi+oxD8HA4JpGPabsoaPrzQdJVgQie3snMscBagA2BIyafl9LGYav
aZ7H5Zcfv/kacBmMDi3Mgzlnl88/Gz6/RGkeKJPmW9DMgSFbbw0ducFcC6Rpbd+0
DJAovQPaDRYNPTzAccx0YJNBnZXPGj7BYJ6W1ZaqWyPl9UiONM2+BZtGrqfBA8ZE
OWm+2YFFEayhmRfgbiugGQkjUO6ryVavHj+KBDsEFrTLwdJL8zhiyNcTAJZzvq6j
RoElrW2grJX9JwZbaT2ycBGHq6B4YCjhdWEporRgrjEsX2OlGBE/lE9Wl5nFO//+
+U+emjfwM890QzbzhzgDWVuUL7Os3UX7u2w+tYyiYGUZRUiXgW07jxC3wywW5cst
cPcANrxC/GoVOYgZ67hM4ma1VhEZeH5gMKC1+cgUfEt3CGoEayCb1j2IEcht1HvT
tTfs4qIuVBu2N2OQ1oBjVAQd2ju1mR9UST2Qbw1EL0ijQGICO9C+BZHt4roTej1S
DwYpgNcEbYwJ9McadxCYd9gcJi7kE7W8UyPQL9CKIm0DXwc1mY0Ak9615dhSbvDJ
1oIe0J0PFqJ6A8wJtkbhANea1k+RLAfBpV8C0A9AmCaD+A6xEncsdfcRwGsLZj/0
lUdZzBfqs680shA1spTYfQRyMPbTaTjTojC6iscR8P+5bDQAvo6KRc/BSqCiDXJA
lGoDLG/CBtKpcPKFqxL9SyqRe1zQL6oE9OAbRQ/UNVnkNgCVSkAZn5JGU5QmWxFk
YE08SZVb9FowVxkCNtcEzL0HlqkdK21Oqxq6nqhn8ueaX/5FG5IH9J4gjlBz3du7
UiTUj6SelrNH2lOBArXb5vIgJoqN457zY3zUuk/gB0peN7Q4sDUMmCSXrU0OUZuJ
3S6gtwC2A2VcmIEQ/cKj2+Q2v9Kh+krqc93csjiU9qnVtTPd1J006ED29F4qkfbC
5tLHEcDcuyHKJrvIPf5d8wWo5dKOQty69ody7jWkP9Tz6grQz4Ulu2tXJUlye9KW
z/K/OqaDYV36p7rUqpu3dNoeA3YEWhIqrT0G0mIXgw2Az6AerZhF+rio8YJ0ewC2
rAnTrT/Hrqu/UtvGxwQ/Wk4wAyt33+gCeJLdCDqcKy73Rk2Cd0GBW6CeASLDPfKh
BUsS3triDMhpJPkeTgo7Ja0grd6uN9tH5UkToKS6LvoM0nwXE0qivNgWf/rw/lvm
GhCeQjhzhLHCI+meEC3ZKamAhu6zXmiUtxVn/c9GJ9oPygBgLzVDj20kj2wkR5de
5Ecki0rYikkXVHp8mwsQOfA6kq+okLMJ/uvhyr8FrlGmIWjhk4ZO7i0l+kP5fEBf
cPn4IVLeQTB/j/OB2hlyAkiT3Q80IVg6z6JmYAl6ZIHhQpOxQMOA2NnlTdW7dKV0
AJGAC1fyILyKxiHIg2AqgJmTSa2Vy6N03IraNY3tcnGXJgLUG46yMStgujAFDrZ6
jWMNqkCvRQyw+D4W0aOEZGi6VLwR3j+EZYEKUxaDjaidq6Lhyv0TH2medkRFG/pz
QKLIXbfYQS1U0P0aD+Y5cAWAAtLiAnAYXWjyZIT8Z5+Ru/TyR2fiTX/8zdXsuXM1
vbm/+WHWu3anP17Pnn92+I2DJf3Zc/cz9xLN4JsPl3yF1jDAFYx/hO9nl3wNJVfO
zX3Pvame31xOrqHLq5vLm9G1O4HPOXye3sy4tz/eVNDtJS+g5Q2Oy25ubi6DeV5u
Z4fddNj/g+jPX/bfzfZfHN3LhG/8Szb9ESvlN+XsOTsgEh4I9w6IbIf+5CbqQUc3
g5vouTvBLuO3s2kP5oxf3Al0cutfQvmPB+/AXawKU5y6PfhQwof7OFilW3faubmc
4WIHsx6stIIvxSYuBTYYPFeuTnfSqraFausqjd1OXbbDsuLnNMtU40mnvPP0d5gQ
v/Mv+85U9H+eHXDFM/cyTfg9wKi/rvqX/OHsljrAK4mQ/wwyXxHykT/60WBXxeXL
BNH0Z/6Sv+KvfclyBpuy2BZI1NDqAxE0f3P6DRSz9/f5dyUud/vI3/okRqwK6LXg
706K6dyC/9GXPduDlemaf3lSPwV74eH9nH+F6hriph/XX/09cEZgOju0HzxQtABt
PVvQ8bkkdHTxo5MXiUtoEYonJWMypoyQ32OZdB4/bH18QW+v4FQsWYA/Glvt0UWK
Qp+RngTyAbRoeRzX6ivkujd1WkdfK2X7/NoQ2qKyeSwq5GjlOEMXRcIVWRmqSPOr
/oi+XdM3WXT120nip6BrxiEasIk/RYrgguMPOfkTkGvJdASqYjdy5VkHvLnI0EFo
VVuRh+SQneApiRfhgcUkaqqRh0PkhUD4az0OX06QqX2XiTRXog2YOYBu2lb78MTB
nXFiQwJETa2hgWgFPdSfrs628JwloEawA6XWqJ1TnPiMT1czlwvfWUJfYMSgrgyz
CbMij6FsrmqjlDHPAEjoCPWaqtYLpcHo4KZwVOD90FK3Xz1+FQGgPp9Jl/7FxcJS
jgiKi0EawW5QHUuLA40fdM/G9htcWRzPIJGFNQ08UTpABMAfyOPqiQMvc1cP4unO
NMnAHuhviGWxrUMLS9WUsgNmKczYynndmo955I15C/1kw1KsYq16YmVgS7oxmFFc
LsBjdBTPuHFRV+nPsWfJTgsACnxHvi2o4zPV3klsoh0E1YzD9ln8wlbjkRom1Kvq
zQHcuxpS0dQarSdmBFY8yuXI8z5sRbiymZCl0J7A3x3H5iRDuJO36ogXrRFPoxu+
8AiYXnwnKYe6gRKbTekXTsok7ikDmjQb09imXnPXJqwjDdfQwx19shXYtz2QJg5o
ij3mstrreOR4rOOd1ShieeQjSQZPTzjhUgPoQLUw3++lfsJfko1dW2OE2jy+bTQR
fs/gPrLf/kjulTwV15iu3rjojVCNQd/fU6gT3zqID5n4ZJU+9kO9PlXJYIDzTu2l
XHqZEF+sXM6oPeMKFesvg2WR5g7jDO2GtdicQ8zWGEhFGzmCqUzopkEjx8DjOAA9
9gt2/5NTNwh2OJwgKnnOJYJ7b3lVlFtvOhvgL0eVGQCCr/R05EaFtCQ1lsEH6eKg
N/1sTQepRB73zNWpvAEPuS5AUV8Cd1zVxfoQJvO7o7GSkimJ4yKLBfnPMz9tdDTS
HX1uTrDSrnHrgQhvsMEUrbwUj+U4Hscv6Y0g3u8vpYkwXl6txkswCoCFgkSrR1rO
XHn26Bo/k0Axin4g1Krhh3xU0O+8tvEysAIxXKAlLufu4eAkfs0v5i6ohU4C/8Ha
wRQGzaP+CMI1gi1xPVPeEr0RaNXkkPL1pjgZQBw69eaKt9PXufEkpEezf84+L14X
+Ry22yKXAHWSz2Ax6A/Ep8TlZHVK48F8UK/zWhjATKS9g4cRxCB+EKDJwaqKTDKG
JvVPlDmDtXo9Txs33eFZ/qJUNAwn6Pb7VlNQilSYgW1xoY6oVDg1P8umUq3RsjJN
0AjEMVRfjSGuh6qT8UtyCvyQbhdOyKcxaCREBKDNJQnGrsRO6Oo3h1EHoLgX87l5
OR65YZQ2EeOEX7r7l7CTr4HcA+AMlcMK0NI663hdlI9Mud+oH+AcW3lyUKw36Bll
n14mtQSW/Bb9n1+nFex/XLqnRQ578/4bdTD0dSGiOGJgVXRHoHmdqQuGPXzXw3RH
9ZF9iFofyAxq4O4br7gqalHhIkDXzRPgpK9oiGatRv8y8icgFgHmdAD6CIWtKc1N
CntlQkfu/vi0vX1xAQj9J7SiEWU1kzjHqWPy7UMByWP1nWErqZtIO0e9gZL2Kz0I
rEbNVVjgOa2lPoDyLX7GYF+/gm0p70TGkAVhL8rTcqabLnwU3zqW/0WgdwxWixwd
53MktvkpvUkadyiHv5q+VnLOBbarJ4UzsPhRm1rR02hW3/WtuI/aVMMaVlSl8YTR
DpNRZ4kvIPA32o5gVjlzrS92g1pwcQZT1S/v56weSSGMkbZQQlpeHeZRKzHkgDsc
zCQiF0FgOfoaIGj5CM3S1MMQGDFGVDXabBdlcU8OnLcUbYXbZDxlDR5t+aXrqAiw
9QLNB3ALx4EvTXJHnqCLAfaDzBx/pQ9O17fLVPVcuauNS7Hg7L9Yx8MbzmbW6y0H
/VND1sFFGPnL1CCge7ou6csqmuyrHPA5jTq0PvqsFvzXb76u12vCc+aEGGIATOo7
rFVOnLmPI5kCjJ+Vi3hXFmuFwiGXscIP6wxPQZyI2nwq2hH6Y6iv0+G6dnjCO3Ik
+IwRJrXPEv2TDlps3ajNc9CKO3+YQ3MsCQwAQ3V6gkK+BRkEBAAmtDX1vCgsxdLF
yCBzyt/AEuBzS33mQFIbDfkPdNBtcSsS+TG01YiNaiae4/MQppqhv+ksnzA7f8/Z
uupbqHDHH1ycpjzbOm9U1If02qetjmstJxcSXNvt1TZTTMTgXEXAaB8J6IsLSbEt
kxhxW7rUU0mmc0miUm6Rvk+xVRGOD1JNhtWRaDPhJM3KSa93tvr5ISSUcYQ5x59f
HUY1SGagT8vB7CbGhAKWDrTu/XHyCabOmPdHzcuPn+L+UBHD6KxNXXH7LcM3NHGU
A6C1ydKNHmAklFKrSIVWJrSRC2O9WXJUiu+x2FnUkLvqvYyT+GHDWrIDzG5aVmhb
3fhSR5pydUx23q6nYxnCii81T/xSW14YITjGc3SFWaEfTsKr4eQbsV2A9fbgDHkE
JOqF3lAaE/qEAbePohJB50BF3PeN4zJUE+uPAIo42wZSa0gZZI79oXVOExqwsXy3
DnRcF5GBrz+O46s5RbKJaQQ444egsEoNTR7a4jtaCdZ3+Km3JLIwC88fn/CHTGc8
Hod+txuO6zkM6ZRBzWN+lYznMA86rFWY71KMFdB+RKYwldo8rmk7N6gcaHyqIx8N
fMCcbPg1D4eltIAUxJY1qIATLq9BxxcUDiumyz5ak1DBH0qk0q4c4hQrV0dRUvAk
gBfmmsL4MCM+12GpzmKqQzDR3BobMk4k4ctmRMGfaqbWvzi5LIBHOMkujcCcAq3m
4bGFLBZmnB5Tk4ka+oILP0IPYbfFDzVGBmO5d22nBgcbO7EtfMPB5fRCPlfzdU78
ISAnx8kAZ47njvXP4ZCo35h+ez299uTIRRjGVdXafulNkGtKa9xqrlyH9Rjtaykj
deOB7BO6WvIQbHrqLXJrDEeZQMSwn/vdBVnvDTBFrsHuFZDi6iodrwAdQD+erjC+
eD6JNJ+G9xXXH0DfiGDa9UDqIZ1gjSHW8AKUlZY1YM59SLUBI8lFJQLNOhSAO/EN
ah5NYxoA0jznlcZSqV33h0NVP27rR6HPZhwm792kFINyBeSxq2sBE5cz2gegoILe
4gXkgWGMq+MxKPgcC4YMjKpqF9iL0Y8d0fBryWsi+pwSvxyNa4LCpMmhDFZhtQPx
H2aiqqTPBhvBemu3FJY6LpXb+j9iPIbpKhfoLuBmuBqb6XQJNnve4B5gUTiNEkFx
Ar5Ah43xeBgPWe2PRjRFzcmMZE0Ty9S+CCe0UIJrqO6PR/QokLeVvZLer863xLU6
Upc1OnWHmBRhR+f7OHn7sOlITZZZ10LseBHA7K+mbCoppENe4BmbtSOkYfyfQTwr
HHMe4XWgZkfuLPU8NaV4es5N+UChg/+zfnKtj/K81e5nUIm5KFMfAy6Upsr+7/9G
i85Z0cFxdfPwcjiT583m7bNLDBhDXws/dWFMXtmsKlShHX+nl6M+YfcaPguYz0m3
Z90wGJ4yiOJfd3aYkdz6kld8dJDT0q0x4wTyW3Q+wWiHwwHjBABfxlLRAgkhBbG8
B4O3nup2gXW7Af2x4zpKTms0JkQu8QMMcsOYHFLREnktRrkuJmso8BYNrQxvC4jB
Lk9vdyB0uwUeKjsUixNKyZ6gKWDNhggObzngfH1oK/1b8A6fUK4DQmV4dQXlO15n
MPqMVK0uLrKr1ThT2tU0mykxhB2TWoz2RLUtNu/zd2i3ufsYnXvqug26WUOyhdC3
NonJpzgpBlFa4ZGiA0ocANKLUDGRwyK++pG5JVTULsAY+XeMB5folS/8PeBiy6en
tCRRL2JtSUeeTurlecB1YuV+dECz4bk9gJYb8iRFIvX5sYLaec1bu0wANNGQtbIG
GloNZAlYRAOATYhq2T4F/njlr5Aq+30Oj6C6ZP0+kp88LnDmUD5STgaJC8qeac4b
cKPtJzKzxhCd5lYHoEUHcjqC5hLoM9fuUB+UgvYcowfGhgXu4LgxrtrdZiWwQ/zg
bL0zxytdsB+ywj4UJMOfgzYlL9sCC7u4sPCo2TE2PdttRGdahE+W6Y5iEkN504nE
U/QjEDEBjYQz10OSk+VdDGiTLVpDYrf2gBbito6zTtudm2k3Ph51zUIyntTHAyNE
gHEd+PoGo/0aXZhArfmTvm0wqT7xMWp+NOWxzzAIFpVd5JtlXBUZkEUA9EH+uBD0
qm06f/QAygt/HxU5fESJwecizTwSHqhPg3UD+mZEr8SoT5evzzdohMijWwhxREU4
FBSFqmi7iG1nsjSV0gEODpAY4MjAkgd6WEsTkPAX2b14rOwZyMaKzaXWxlFnZ8qb
HW7STXwyIVVjPtDbVcdLRnhRkXQQCbGp4EyBls0k5AANmYQxlBgATkPOJMDZ7NjS
PZRDgBiaj9ojB5uweWlrkoJks8M2Ez984vw1kUGWpjHFIK1TYPYT8+i4A9wKB+/I
0+Q5PuGc4UFOE3RzsHkZ0gSb0SBAyOkkopNnjldzjq5Hs8KrYPBydOvej1w9tjma
cqG4wl/UdqBxBS9cDAf1F/BPrQEe0VllusZzSnkZbanusoLF4ifwD6EYXi3Tk65L
8X2s0MyCYezrvYvYEfi14k/kywxXCh3b9SVGQ/2gXZ8LlK6k76Y8NYiWHvl9E+0t
tX9tuZdspSTGsM32IfD1aJK27c8hmEigHso9Iwa2wjuUjTDZ0xEwsvw/MELI+/3k
cFhqbKFxlqjMHyXzOtOIy8BS4xeKfX1wi3cL8TgXVJjoCu9BiBbGihpjhWdRIZ5Q
L2skI1/l9UgatFbgajiTHiVds9W7/cmd2G+aKjLUnpeaINbo0fYAAOPzICA0RoeK
QI9y83M0ASjjMbVGhhVaMXM02zZFubXVZgIkN4qoVlXlBX1++8QdMV76J4d549tB
ZUcxM7IP0YPMOMMrV7fWLTLW6XSusjRfXV5f0SWL66tL9Ss6izKe+88uxbMO3Sf0
n4Hm6I02D+M5npt5GJo7LjYiTEHHGLx4MX52La4uxfUV3dWRmUie6etAzy6vGeDD
7dPXqgBFnvoq6GoHbrg6S5BIRSJeWd/HcXIKIxnbw1BRT5pZOto19YUkvF/z1CzU
lTXk04G/BwMUpesPi3Qrr8F4t9b1OzsS/becbpl43ac6VpdQNKlgzo4PcZmKDGPB
uk82w22rW9EWeZewRepCbtwMZmdUAVeI2/ptUa6p/8hr18PPjA5lLwXjen8vfxzC
FpuuqbOB+gjEXlV0lgqz1d90EScMeJ97qbpBhb6oHDs2N728hbkGhhFrH6zpAFAN
+tLFAMbjnPKcwFAnuwicYA0QUTUIkC9eYxikd1I1F0A+MkYSAxgxtqK+40bxph5U
AWqgH4aOm3W6fbULgDYqD+wwabBaBXMgwyrNTcmIy5tZb+WlMKySFzQbMn/xPc1h
D+NXKD6+jeOo+lo8whywabUoYXd/KMWGvlYycCRLkTS/oauz3+NtZw8PS1Nzhw26
xBs9NIi+4Za2Fqnq8kTLL9UM9uONKViYj3SsqK6Y3dLuq9O9Cu8mNlYI9uMRkLXt
dbi4uG36C4hOYu08uG2HNoSgNK+YnfTFrInq4DDIxJrLMl3WXRAxnyb3URdPNToi
SqUtjonYA8xS3VrETDf4JK8YWmh8pqWCLjTWTzhVm/WkLtntT10k46tG7dsBhuzR
M86DOiVQ+Kv2vjbeTCuz33WaIoMX6stqYF9STk+m0JIYjNM1Gcw8BEuOPiC1k1n+
hIhaKoYgUyexITMl6xqRqfy2WfPzzQNrAW8p0w6d0IEv4zm+glGd09mBJCat83DY
W0N6Q1BZrXc+GtJtczzsIOWigZnkE8AMM3vJCbyR4gDwoCjfA7zMibn1QGb7OSqo
t3xzODgtiZxzdeo/BvBsfOWkv53mM9t7BEudFj2m+Anos5txc6duEZMSf+Ev/Vs/
JcWaz52WTiFaOoXUKMpGaLctVMxFynG3hJnLcES2KaoUO/VEAPoNrGGMqsBwjCoA
/NCGkWYg02LRowQtfGV87bO7tEqDNENRskijKM7HMkMAfc99pjQM1lv1VO4A78Xm
oQOjpVHnN8PhcKxyDkCDZyA9gEEDenVYL++xa3wEVl3/y3pMqjOyQieMs0y1958N
n9E7Cm31LuuXoAJFqP/QP6XRhADhn8JtUQu7jxiqvO7JxBMwSQUJmLeGHZrPaagg
J6HTxxfWW1JiA14CmVVxuX0VA7JhYG9paRTu00qg+CS9ar1Ork+rcjU0zT6o1F4e
pkl7puAA/9+eg0j2pJa0jQipM0ChRmIOJCtOpRJkajTkJxnYvO1SytVmEfuXhDTv
qcPK31xcnB+gxamaHEW/qbV/DcjrsxFCfj4AFRXzqmVgsZjHWzvPCHT/uY6n1R39
XBTrVtoD57a9Eink67lgI6AqzOVwTvqfGfWkS9baYaQEta8S/b4A+numaQGGaqsT
zUFA3fncNaNoXF711o1hClLfa4SkpHvWK5h0gxwafkiDDK8+WcqwVStFX1NcfVts
X0aRzKsHGqiczMdiA1N5wbGC+fquKD8iArwE/EaqBWXR1AbovMCoXbWtitDwfsBD
TOGR8gMQGUiTIW50OqBv3+mqcaOzz+mU2y4ZvTjtvtEthj4pZfguLsEwuveZZHD1
l3pigM0CQ6tIcdgF21KEQDx6ne9VDwCcvyC7zOLW/PovOLoxCHxfgZazi5QQ/Cp/
BXxbUodfNsC5BC5iSw2BjEQoaaE9kwFP7dOW4KiOSZfyHuTNfvD85ni4mcLPzP2M
7jo605f9f5m5l4nl36TrRxh4vcPz+CFX+RA8JkOiWc+Z4+GfvPvSoxCREiusHbcO
n7m8eXOZYAgNqMt47djbx+sAjATQUuUJnQcWbQX9v/n8n16/efW7t/2Xb3/3pj8a
hfP+H3736vf9L7744sWL3774AoQGKBXoJYuloqySLZwcD2tbbTKXF6imYmpyOcxm
nv021h5fsPa7a4pCjJpdymxOMs6zO6fDddCs7RwPShj7plcA52mIArDYemYgQTM9
O0+AvMwmYrrEqS1nFxdLEId081smfmCovDjdHMzjNegUePKEEeA4YXiVmRcuLlYX
FxS1qeO3oboje/Vzv9ebD2gPcx9ULtmLgz94lzhTzwN5S5tSKBYb174sbQUcHA5W
Wa3cxBPqzuAOvuGBv5li8xMVYagR6jtUF9OJyTQS5oFuMWACKloij1Sc/2KKkFPh
ek7ozvyI5opQWUxDc1nN5NVYTZzUxy/ArXQ0Cha0unFdD0prP58+e2rhmPJyP4kO
Sj+z0CG1d37pp9bOr+AN82h5FN7RXeLVP7WBMkgr8sMJlnr4DwFCxfTZmeoAYuRw
jSaBPw1mnoPnD/XaMNOQ/TkAoVifnLsy3ENmCTPnZzo1mDIVoykml5MuGyecrL3W
xX8XpqQmfqTAm9AkMmlMHGiM1qjrGt9Z0/QEHF8OrDjwidUXQULyu5QyGpztQbcg
4IpBK7fL5KTEWbgeZTWTN4eO/Kc2H2ieJair+3hVia5x1Ihw4iM3EZ/12ZDkhNNG
MKidaVNuvube6qS0lc1A+gHTiHw7Om0AsEXySJrrSs7+hJ810ZSip9PGld1a/5Hh
Vgtze9DdI17T2rEUVDbJJeRzOx+Ozj2hPnMZCRzhEirAu32sbyzTxVmZ1MiEHsmg
tzrHmwpKS3zKM4nJanhSR/RElBOCbD28DdxA/0QlsMP46BeuyzMzIVg/JSUbf3Km
tMH6cHfRut6sw7CsYyh5oGTZbRbEMEpTZqZQBDjAMz/Ql338B3Py9PDBY8T0Q2Lo
AHPqVl22+ZLSApUOA2xALJIteqzL+DSiDJk6vae1ccg2WzvHKRdRDQzBF/W5quqB
JkXdUEvs3vUWx08tVqE4dYs+YJoTD2fj4GQB1ckCYsRdC1iArPy0nTTUT5oe3Sc4
dute5MnuWClRzB5JMtI09BPmYGkwA9A0AKaB7wSHA5s/YEJPmeOlTrgScMd6IV9E
b4ThEz/t8pP+KDmwDomQCR8xirErIw0CPMQP5UhjGeoY6gFjX0yGnhkKk+kcDiO3
PxqjAmQKMUlpM/1LoNK/0JE6l71hCidO6WhOZkfDUtgD5jGy1q3y3ES+vVqKPEHv
fi2nQnfSqAOgqi9VU/SgPPi3jvcjDJ2BGUXx6ZxUNiUDEjxWp1pyfIyw0IEsmKZ0
TBHVaa6PcClVYV0HGtB+olKDuc5Ck/7TbuPa29tjg3KXE9LqgEjepPq4ns8RM/rw
0Jx0tDPx6HxBMlxNdiw3ByGlYOy6J9z9BC51ElHRSiKK+ERbVrMWI87kRGvOMP47
SNxqJMPGhYEeHn532+CuAVJT2Zmd/TVqPdtJdhKWjwrn/GGC/wCvRXucgskEKF01
3tgjyV6D1s1kSWzWVcMAoRNS1FUjTA5T+Ok6Ee7TkVPZP39yeQpB5HT4dHb2qB3n
od86YFvt+/0FhsnYh5Mx3dE8fmLrA8wpIRo8pHEYK6UxT4zM5ZjZAXRXk9Vqic+K
2lf4LBlQpjJNJ/0+xi9lWs5gwk8wjALEY0L4unSpS+3ClSx0CVOsDj4RLYPVF70e
z+gS/todr+topMiKXzhK87fAyMr8ZntTzmTWHcrvcwu/pcyTg8YxqCHbIj/QuQLY
xilmyWmXH6TYP8hjroPOX0jVt1BdQH18n2DBTrYXu21BnuUDPqHj50B3rg7Kb3/A
G9VlkVUHAvdBn9gcpPvhkIFRdljvsm0KBvCh2EARxlUWefYID7c7jMg5VCF8iA76
+I0mdOfXOnLrOI7f8wf+OG5wFNTFWrRk2IQKLVckj9sFu4MNjOh92Wz9a8RcN7Lp
GTZu8x+aAjYwU/iu2VqyAqzxLn2QPOCT3A0PyIgRihmIYWVGqIL6DiUROCDda1TC
T+O/VA5oGYSattL91fcQzkwAw/Kl8jTQ3TvCCrsOVKoSfYpKfh6Uyo3btOZeRGBU
zY2dIMxSDU2ohdbH5S3/ZoI8JOxuXI+K6UjV3Rn8an3xhczqnviYst36gCncaQYL
mEFaW5qLq3QMNOz+d0udRykIxhg2oTQCPd+8ju2x5vLOZ4IXnC2Qakw4vzmhfYTy
n94ca4T//P4ALkoVP/RJCDC3uVkyqNXeLB3SCvClzYpkCqSW6ZVY40uNbeETVJPm
ftReuoITcHFQaXmFbcsLHTHW3z7ohWCH9eQfQYCGyemuLFQwjf2JsdZGbYskyU42
qg6j0zBDnH002Sl1uoz/2O6F9e5ZwzZ2L2ztHmqSgeVJPcsxlDrVvIwUqzua2hIC
jKdLXGZ/pdCM/aW85pj60ST1upj2tZLzAr1yMU0nTLMB5jEL6dgMKpi7lzR+bber
vLoaTG5zUShga3uXs59+Mp9++om18bf17jdfJQZ3R3iL8lO9Yu54hjxTL+9MzCxi
lSCUOmVS7buGilO18J4QU3/6JKYbXhO41/2RibXW/uDRkTduGDdZh/ZbjKUbsB12
h5y0hZWfwB912y8xmLLQLpVW+st4gjd+7Qs4CcYugO3iwQeuLpZCJdgKRSvWrcnJ
oufTHmlzDO9gk1MAc/IsziZ2rS/I4v3Yoytjl2HML4tipdJKPeHBQtWuWRGnJB2I
YMh2yfpndGMN/wgEvMhFLTijeAzp1ZKIKwM0Fihykdcht7Q6T/6uKST1+GCZou+E
BldGILw6iRnZ7Vq2UQSGYyKnYDbxsZ1BdBIZ9KLcAF5Ugy7CPy5jOxP0nLy9jFLz
9u20Xupug+UWa0ygG2AmezBqwnSextFE5bD2BCW7P+rEZE/0q1UTk/0sjr5CWtB3
TcVATqsidrWV6KdC7/p4iksC50onipHpF0J/OUk8JFr47Y289Czd7mWyaqle6MEb
PlwramnSjU3U0klQm/5AaEIuW3Q3xHZ+X6M/Y+ZcjSKOXYVjmGBSFrsNesH36LWK
XUlSOMVlfVt0IT0TGCGLH/CgwTjW9FKNMe2k6FRU/Ri3IWzK9qyEs70gAUhgipzH
JHcmiPFURUWqMJnW66TIWrrR0GA1XvvDY8Pp0Npyv28yrnZCzBGDCPcOEBJ5H8bE
VRQJh3F3+IvYhb/kUYZfeTaNFWIVvMblSSWdzrXtCHWOZp+Y1cciY8lILy4w8va3
8uf38udzErAgtOh6uTQ33uU1tIULKOVE9nFV01Pe9GgbQwItAjktaOrjSCNClbTC
rBgFZYFMyXoOm4yFznZwFpKzhHiWtpOBlKE7efDu5dGZumObynTGMidAw+Ahn4mc
DmLVQqa+QbaEWEVu7AUxRoz5CZtcKaHUhhZFhMB2evUt30j3mJz0mFCPsj+alekS
WUKDzOr7GolawiTwkuMTtp5Baa1fy3v8ZxI5P/XXajau9YdqJOtYXCVkHcR+BBYA
j2lDanMuxj8gpmxQmEFM58ynhzt3k9gLXa52Ce8RyexmeDsOkxV0R+T4NJvqkQ/N
25/SLCyoVH/7qT7XwRVayTPNXxDDTjoblXO2E4r82bYTxB3pv46Y9Xefag5YhyaC
jYWcV0Ytos5mmJjgOuxRMxElAtpYoSIflTtWVfLrbQ2Q6KXwaAkLtdb79rjSC2LS
CnXuFT4FdZ8EWSOUKFfVCfNTR6h/R/eSAALyL6r506wVBsBOiYB0OQ//qgCxNca1
Y8SjXGTv4QnMFMAnUKGRmb2DJy7Pz5hnx9OvxYO6ocjg8Wt6BG20ji6D2vDyQb7I
Lzryir58p/6QDsdLvxuRwwSKe6ieQ90ikyXwIEt2VYy5Hxj8fiM2jFOSLxW+xaw/
VIlt6QZvHKUUsOXpv8r2VhWwU59J/efldGrCU2abSmabSmabSma78NOzvHDRIj3k
eyH9aQss0byw5kDIriZJzdQSul2atDkaUCaRYOQlNbvSddu8SlVW269JVW37eX0n
bDE1CqllGmnqtKAh+vxrncrEn4YS6TCa1KtOKB8zDJzjBhh0Pxl6gdb9DGcZ6JFt
uA30EviD36bD+rjWr2VWfY8aja+hicnAP3pjpZJsZ8CntYfoYZUXGv6i/iwKmG8t
GYeJGs7RrDwECqTJdyLNMN9UG0GimtFGM7r9fiK5WmPbf0IDuBNI10d/jwe+FGIf
kXJxb1kAA8k0noTcyR8CUGAwmAqTe4TZTppAQdW9RgjX/noWOtZfczwZDP8kH/25
PB3xWS8/agOEGsR27gUzLv4lCcw6cQ6fsA+f2CVXVxqn6o+mcSb1M7zR2ODvthYT
WLE7zXLeloJh7fFgmE+rsZsBZ+jeZvYe4mXCxpxb7EzuHEmSs0hHYpDR8ZzKT+Zy
WzA0LmENmtdh0AhU0KCLMJxVZQj/fgo0YRM04ROg+f/tvXmTG1d2J/q/I/wdgBRd
zCSygCpKdnQnmERQlNRitzaLVEsyClJkJhJLFZYigGKRKsDRlLy0e+zofl7aM2OP
7Xb4zbTtsD0T9rzw8/TYH6ZMtf2Xv8I7v3PuvXlvIlGivMybePGkYCHz5t2Xs92z
ZDQ1VRBnK+5EFt4sNltBSPX1xOies3Yh35QUUyVqoFvtaA7d1fF0zxExiVVcR3VR
muBG6k6kZdHDnSrAlcV6mHnZ/lo9O+BrC1qpDYWuImqUAMErwq85Gc2kMo0B8UTR
+XzGNkOm4wSQdFrs0cOc0bRdQtk1WRtGKK+wCIHVc+93HflG74pFcnnXQr4hIgKi
dyJF2mhJwT+rfWsx3C9bJ1hoOyfWqemrtj2yucpEs5Qcc4e3Ld+nfSI3W/r6S92N
yRrx1dMdZOh+dNTsSdSKo6bfRHSIa63w5bh1lI6gZOsfNY/uN4LOUdoK71KBk/xJ
K3xFqp7OiThaK2fh03x2FqzZGKgVvioZlK2GXKzx3/nZKp2cLaDW+hryHJ3fQISK
F1SMDzQvPSneKevX4u2N+pp2CyS7FFo6vvYGVAo2E6bdF3sx/uztwduP+KnxPY7I
cXS0DHCh8WKvgQR6XV8LvALC0zF9vRQNQ1Muid42EpFVCvh16cUu9TFIzuBJAyIR
cVZEVAwcUF1sAmPthA8qx4uUA3+FkvGzriKNe1YJ6K3ciyt2t440xpgymTR5STlo
vJaIvRx6vIyA+ItrhzV+IRLlUY6gPZv2T/6EqqPkVSTRkiqZjgor2nARckSMuu9w
mC/ajlfp/SsI3Q47U8gdrRhMAaQ+fRVnDU5/TuN+2I9PdQr0OsRzly8PVFQ8eAWI
RKvUS8NjVlhVQdqOWWkVJu4qfNuYv8pLPK6aQUW7DcqWB3Arq2dXqUDloKpFKIfQ
QvINZgS4ltTeEZo0uVPLhQCoFUmME5Hg8vXMPVCCdmBt8Nvi8Mvc/cDv18UkviMH
IYPmJjuzmcaw8QhnsT8RZ1jm4goKbexnnc7EMi5tDo73fbGh4v6ws2SFzSERQ1gm
oq1Bx+CRmpjuLjsv4Jww6dNwTpPDdXCnWDqVh2oNo744k5MFLEI2DMOHZwRHoq/B
7w+IS7H5nSmv9k14fDyFPfYxNcx7bEELxm8Qky5M5+/Oz2jnsqSjDty3OjuFBzJ+
0FpBOW3YsXJkue1dulPhcHpKm50yR46jaDAWiWtc6TUoZ7BZogbaMvyrW53Dg4+a
Br2P3YRYZoUQ57Cz0P5tSkNrNMIDqipaiAh0zviJF0Y8sWJCiCIXC4SN9s8Ko4Gy
5x4m1iwhYGyHSyzupMBqXnHU60NEWvTnsVbvFsmt3tMpb8atfQ1Z1OhWceeMfT3W
+xp3y7Kvj+OTeIxNNKGfm7Lux+KRgP1TzE1gRRkcjemYb6p5YMTctLVb/M3p1gY+
1o78fWIv3c1/am/+Y9p1c87NJ22h1XEm8aTj4BZgliZhlsn22VPbmL5zcCbk60BX
z6cnRj4sl+GpmdHUzG7pVtozmpplvIBKvk/kE4IILJv6hDHCyDhSPLYPPvEGQvJk
vZ4IBlkWsSQ5ih2HeOHM+vgp/6Y3bhCcK1KR12zDGbtZCouve3ulnUkZTtU67O3p
J735l0CvhYrCwd7elECnTqGG/Pop9TZZ9OfnRPMVz7qCiTqv2JiWYzWseDhUpyjQ
6iFYrmBTDoY3x4Aexjp3+BCvAohZ8BqWdAC72uCD2BIuQQQfNJzoVBFds5pPxdD8
Qin+gh1eFo+FVixzyApjFMfPIFNsavZHrlGkSIGc968onAvZN5PRWQgPSLtO5auy
8KPGFr7SlGV7VGh31D2QkXsquDiv9kG4fwjzVwlHaHI2dU4gVEtjehSPjXLnWG15
FrrzyHQnrEnDCWeNdAd0jYyxRWZb7Cid7k5mGQp1sghnb9CUXTCCtMNJwD0Lcxf0
ifbBA5kA2OJnVEk2ISr1UR6f0Js5HDQIg23s9I8XEBSY1+pDP36+I0740prPCP4u
meNojJSOeZ3AMWyX2CKFAcIEkO44OIa/OdmQe3vWC80azoSzzry5OI9sXCFB6ibU
9wZeBJdnk1WcYpqINslXTJXKY4yTFPfFVWzHvhDrI7wykWFaGTeDLWoZsI4YsGIw
p0V8CvOoyKLceK1WS76Iu908LCDvej1SBi7AMKd0GsRUm7eNcb9MEO1iGbvgm0oS
nFZnYNkYBZ08cu4ZZ7GBtu1pexpP7dsChVi7RPP0iBSJp+0Z8RDU1dyNUQb4Jzln
TR0VeZyfr9czVZv0kGhfVLThlSTQPrlVAL06dibU45Ihh3W8v5qfnkL5k30MEqqh
FWRtfdnJ/ErI8GFstMunoYZRATMHXcnaK9D31ACvAADvoZr+acgWz3OCw915D18c
46lp4GaNxbthxlF+qL1XZMA+VG/VKeNlwoDUt3ckJ4YDnHNK/ZEPgO76WW8Gd2rN
1gBMguhPHE6Ubo5D+K0JSh0HSqRB5XwqpDBzoYTY+AWsKNRx1E4vmekeBOXdRZXM
4hxTNIMMnB4MrihBVpoCtOpXfUqt0pY4VR3CDXv/O3Vd62aiViE1DcaP/QxcFL8G
Sl3YdxV8KjeC8nXZd1F1ODTu8ypcS43iugUjeVUN8NuJdsJVe8jhCeHpSx9GgSbo
XlvujOtm4rU6AFMwSmTM6/JExTlXPkYupkYRZ+qGLCtFDORW5JTpRtqTujROpJoT
eJjru5jD2vIhxjNFzwUgHNMZPb6Vc0CmRdyHw2YivwzVE867y14sho/8uGgy49J5
3Z+E6jmIprSFfCJ5ODdOEgOKRdB+aKkpcNoFIHNEc4nVz5fRQ5i66CvX23kpHy+0
ztpXuBqWNlbXx88BXjC4i9MYzt1oubKzBaZGrdYpIwuL+zxtqhbdiu9Np3l/TKtc
2QJzqovYlCVWFVsAPqWs3URVLYo3LL+NdAFv7HcB6FaBIMjEMHWh7FcVuiN6L16A
G/bLqGlhSGclTJEC6/XCCBkUSJJpQET4WV2W2+DMWThT8NDfBoih2CJYk4IbFKNl
ac4835gtIw8SpbtMKtbwCNBWYzP2nMNH1paL7FXxAlFLJqtv5E9qqXgswf11Rhnh
hSNbLSb45KxkjTv2DvF00NBfJcigalYZGIcjWY5LbTWe5vdXyfS09ogwGXz1ZyPX
qfP4sbrk24Qn+RP1rEaC2KG4S1/cRb/pM/7huVQFYoyXpJ9Jk9sy1sD6PW3q+hQt
UiREaVNVb+ApnBmyMMvtl8CWmvzQtE3GNC0fqN8Pa4MF0aRqhgUbfKB+P6zREuYf
8N8Pa8tskeezD9Tvh7XVXJX6guGZa1+JH9BXsI4Aab9ptd2GGJ5a03PQb6qOGof9
uMnSWMsFfVk4IOqk5KeOLUc4VKyu2VTZ8OF2vLnkmFRw07FeD6GkbCccBPuSS8pY
uewEvj7k+TG1f+jU/mB+6lTO76W6izzWO/FZYR1CS2vDitJMKTFG/Ds9M51+06xL
NOYaeCcJ9k+trTXaO+wcRqO9m50X6e9LnZvRgbORaKs7lwcEvGxHBUZA31a3wVDg
EytzjbFF4p9oPHxhPG2eLsWGkx91/AL1RYWe5Oc2DCWEnRlq/XOjyNdvB9De29/v
98Kkm8MdZ44IGoaY14+44jcwhPYKVkxtI1tGy1OjSpgMFlkcwls2A5FYT6R+T5oK
/hTqdU05Bx394CPefZRsQgWIowv2Qc4aPWen0aAI4QmHxUk/utDkPjPPTMJFF46M
xlNXDfAVSkRd5df5GYKFpezv52wmFasWS3eaFtHHxMGeik07n9ml4ywgTl5JJkow
rCq7FeS29EWZtdOEjKdnE8fvr5LL6etrI1612Fv6LsLWJBwv76saxIUHobfxLJko
0QQsrfqdEkFKpDOzomkQbcmsVdiZHG7iq0n5bZTHN+BSj5Krl6sNHZlNXOkav1Ne
kqQqF2SuFclsMksMw2ZrYZOm5RMfpUsu8r0GX1mHamZL9z58mYH1syMyqKzmks6W
O7DmFXuqxfp01Nrbi6JjdTPbJNkkYXu640RzliYJTIA0+011cVQ/RBqd1necZVH+
Cd4prVXnG9HXFYyRDiDEptliTF+mysTAUAOxjEe/QqAzo3Mi2SyYGPNRlYkABNNB
1t39UqyQOjMV4/4GQ9Uk3p69Nm5h2IWtXWennIBoy8481Tn0rkuYVfRkm5Z9jr6U
qtVBABwSMISlAOg1gWoxO6lArioyuqJjV1Db8TdUWO9ym3AbXp7a6Oth1Sg5+Yo2
oq9v9D34RXF5GMlFIm4YvbC4RtTJDHzLKi4CGDQ9nvRiF26noZb/0KNAkwoVMt6n
OB4OJQDT+4IDYPrHsG3izwWCb6IDMubywUwmdKwhLAsCpVqfGwYBcT7M7Uy1L3BV
xnjyH21cjQ3HqSmrPjijV9/jMkpS2gBG0iHsvThf1ZYxh21dGSxtJQezzM2PpVYQ
36ew9NYJXrg9jxrRs7MA015m1FnlqBfJWh20kzXRnShtE/9e7+smPpbbMGVDUHSv
H3qSobovQvFYKiZEtRmJbSHb1JjS93QlpYJhwq5BcE1c7hCft0rc/eUmW10zSSYz
mpLGk+O6tmLZ5Xv1sn8iTC6PzGgwFm5fVkKtFSooKta2TlcuVbf3xqnSepa2mx/r
eDD2OiQueGvqMuiDaVTuwrnRj4/PlitVk5rhcOeurGpwu5by2lc2dBhubwldvRxR
uabR5Gj9cLPdLaHGEurLI6qgun9aP0pJk9TapLZqaT3VRXdt/jT0rpr06s1vaLov
Pgz2yKsOw3YH9WHYAV6tEattV+dYlk6/5FV1C+ZPWm6n1eOLFLNXC6UmA6SvBrDV
53XHWVTzYHiQypPkHlTXpbTRNLsQdsMwGMJf2BzFtnKQWAbbU7m1UqlhvMz+hVw3
YbcJGwNiNGpMexUQot9oyO1pRQBt6DUwWVE1acQn6oJV5LMuu+XPxIlOvaUAZNv4
WM6XtMeTzHF70YdsOE6VUbMEJxSiauaPuWqObjh0jDM3fS0QyZV+HrR24U2Gaopy
IzGyrgu1DSBiJyFEQhCpJ2me7yWFcCYO+uuFzYcJSIx227CwOeQ70by8sL7EVU8s
dnfH9pUIgzDyEXWPUUlt6Wo75i2ghVWCoj4OL7yub7OMdnXzmWWcqpU9QAZT50uL
KuINNpvZYiLMWS30qU0SrONK0n6Zm9y6LpWQqw340rKSI0kOLRrNkFvuDtixx7Rj
sqG9k6jpIQ0I8S63KskUs2RtFT0LXqB2B3slYsluP/76862ODYYSszygYrd4UXd1
KFXYcOY/z2ZbRUoFsOU0474JJ+MtXR5tTq+vSQJphJPMJKeWtQLPTNgflx05bVXD
TTv1rNfQFrHMjFRdai984daU0LYcyBxKdpWlCo3dkkE3ncyONSfoieJpkSBBcys0
LramdNeSajlJorxHCOnoeD0r1To2TvcKg8bqunCfK1CaXR5UYV9zF8e2Mgw5NMQI
S3gm04eydBc4SZarB9yA15A62N/ZT/XbX5QvzBuHuMTYuuhV44LfyWpwt14TodVW
IC9T/hT6RskrSDnWr/5srwOTiLjHCllb9YoVK3hPKEEXLCf0zJLA0tbmi94ao+ya
wuM1jcBrkMDViDcaf5LXRCxdE7FcjXtS66cTeeAGgErl6exUfnHga4b1rWlut1b0
zlKqVeaFNTk5tYI743o1l4YHqp4NFWuWfvUVMTWBp9lOxALluDTWKFHcTLGgsb3j
IN0+6BTnkUELmw1xmt64aaANXF6bMWkrj2gZ2kF3m0WU9y3ht1ixcJq+LgrCV56z
RHGVw4yFdUzVY+2xgi58t1JgBHFoY1xVaoc2fFKOY1zSgwRQ+OyEwH37OD7uJj21
ZY/5OB+rKITBxQkVOSYy7hOixno6mCNlKBnRDuHOH4WyUOeOR7YVdFq3XJKggpgN
kk+KEJHGfchUi83TEJpsZrWQ+1hnlk5vMJ6YXouYVOf/r02LOyfEu8BwsHpSjq9Q
lreHWR6lCONaPhT35U/3Iz/oNY6CtTwEeDzq4lO3+9FR96jXu3HUW3eve73uR/Tn
Bp7W8oWekL8HHS5Kqt1u/Hzo04cjJK+79NoL/KPljZD+BR0011wfLdZHs+BG0BoS
MPZoTKyp5TV8x9+2E7+eSB82hBafvqKNWAhIafwSYReKF4cShfQ4bh0dUQsn8IV2
NKOnCT2932p3D0K4+IeGnXUiEFtUn/EDZQxih2Flsn0Afw85K4T0Y8IpWVt2BTuR
LCIq1XnlnPevKqTWFX2s1NBQ9pZWzedcq9YXnrFyyCo8w6AexVOxYIWR3Tn0Lh6D
4ppfJKL3iymCXSy/POZdMg4uHsfj7ou98Fz0IKANLF9gL3Ex4Y/6RGxkp445w7k+
NYdQPhPF4iCwPtBOu4m4mdppfPecvbUex098PDXOWXs9VCHVL47jctYObexoSvVp
1ce+9iJ0bnBefG6FbzXFUygnpY3iIwwYEEf2mJpjKHBRH+zt2UNwQl59lY7WI/Sd
tSua9xRIRa8gk9hO1zXtixnKLJ6KTwur7+EjKP2B8ztddAwAkvdwBgV6hC2J+Ek7
GiaybhYPOhfIE9EKzU9hZpCvoqVP44hMI/LBmnhQ2OgtxEo/763X+rnhsTFsIcbo
2C8Rd/L46k5KD01jhOJO4iVBr+gMh6S0Pg9j3blF/NBeoYe9zkJ/ix4iDsHCINZF
3A/cvP4J7fJHyv3TSYy9vTkhfHAC9+70MFUeCB6u1ylP3FBYsxOOA6YjY7OKZc9j
325nQc4b3mhLnhTeCfql3XDIwXNg9HDSXfVEX6C9ItCOV+ovfmKxS8ZjCUZPC0F4
P8R36NRJ4wS66bWIJLmziYpqt2tYcuzENmZw6k/CEYOkcKqC9t4HSLPNbDdt+5PD
gdMcnLFhPEx1Ue6MJ3VkAgun8WE7vZVoVIdIvhz6Mo7ph84AX9GIXnvKeu1aPSfZ
UIeUylLpKlDlmGomzHBipsB9xRvtKphaBQmnFWgddeCkOAUtS3NRHRFxSz0pgPFA
+YkfEGhizwR6wPmtAXuLpzlSX7ria2lI7wgqxDHWCaVqizqgkCGHRtXzcqiCKo+V
t25/bEAIrP+9oyOiYoZsgzc0Nnga4R0zuuvHcx4WtCKHwniO2Q8L06QcGsI4AZM5
hOUGlTTwfMO2XsbTHC40Xy2HxHHMtDrVeTgAohUokg0w+yGDLdYaUpDEoaUL05iB
EzRyxgEjEwIIXegGZuEKF0oZQTAcJkFwGUNIATYJhG4K3jAxNmLTFdUkTrs/2LUs
WvlnwNjuJNalMFGTeMArJgLx0rJN9LJNimWL1bJpm5g2Ys4uGKB1BZ7Pwfa9plug
3sZuij8I4edsQVtyxQXqg2AYg2IxwGnAkMa0AUp5EGi7FqJ5l91ZTw2LbVuOqf1x
fEJbZkAzu4Q+ef7RGN6fx0rn67RDQzyIUJCGGp2iwwq4wD8NRP28UetMOWLHLOMF
O9fdtb3Q8WFxjNRuG0us74cBnxPZpBpwJwqGcdY2rb4GGEtsHs7jQKjVaDE/Z8WA
V8X1zP0nBGMfC38XEre5yLP5cAaL+Bp2IXGAVDKCw71AAlwDRdNWZlvwLRkBNqfl
QATRqD2Fj8fi3+hQTHq+KqIJJT5rgqu8K8b+8Rbl5ny2JbsSpIh7UlHIfDSzfcKT
jDXHGhTBidpJm8PB5CaIUZA3YozKMD7o84vS9ZeKJjBOvsbfGFSU0m7KAM17DN0z
x1gGynKoOLPRSTinGdXiq2V8IX5dut69V4g4f+vOm6/Sz4M7X/N6omAbXdx7JWq9
AJofhslnBwfZwf7R2Wv039E+MwxBI2iFd9+4c/9+1DpqflFGtED5uhCAxmBBblxd
grMc9VrhnQcP3kVBYkGuLoEMncg/ut+J9TMqCfzmjU5w9OLaf6FzRfkbwZr+p3Jo
k+Yhan1U2dwNZ/Sv33uDZiny2evxbDVaQ6C05iUP9jMOiAQWDd0BU7+e9/tr1Nqg
WjpH/Yb9QhzWTPrNKehKvxF0Au5UEHRa4Ttv30djaCd/uB6u1hPVljSrWwiEN0SN
R2xdHhO3R72+Rj1+5/6r773yNmq5ci6lBkxfJ9Bc5pHmMmk8Qe8GZvwm92sTGtgN
xVjIR95MTqOLKo9GJa9HyseVXMRdwCOGIxA0J8D1WCAhZDccLu158iMfLqlDTbJS
3xpeScymNCueGKeuOlBSn/UlJlpqQ8AG7/22OOgveQ4LTMCQATO7mgYLR+3BrWF7
IN5CR3RyB4RfBEGy3RnkjeP52VJDhr29kcOSBm0UAf860p+qhQcd6JgfRhwxY5MD
JRtZilyJht7tyrG7Lm316IW+MqSkkN/FbHDUA7cTYldkSDBAKeXoUhvaZrbHDVHe
vGpAw6h+uBHh0IVTt1QtvsRQS79j1xzZLyxWwZJtTQfNhzsdBeE5iKkVWsTH7e2J
sSehaiPg5o2KnhOK9r2iHx7VP9D3JCHxfv/mTbv7ymkfWr6zPkP6ci8K9GdTlC8/
udcvuQWom6AE5Yy0JoeW/60SXwvZAcfSYMSwfZtQSfJu0bv62LJMpyKz6oM+k7KZ
+2U2oQ+ZvgsygKbYJwoqYKVPEFzIaJkvGXb+oANqKYJ/KKCO5xxNFQFvfHxW0/E8
HHY3pojS6EIwcPm+SeRdifgwRvxLhzVh3+dMmWqIaaaIvUS3CSSluENUhOoQ/rZB
VXzkj2y/zezf2EpxPRu3ukero5kEN3B8HCewog06GYJG8LyOggiHGE2y78NCcSV0
9mYB4beGVDXzOzO752Wj8HiJxUYxsAyEbuFXih1LGHoY/E2ItBh/iiF/dNRYE76W
CINt4cVb/j5hUaBjwqQzv8D3hDsVp4OKYgmwR2fKuzmDK3aVSBhd0hqHMAFE/EI5
/Ym4TPEOZg0sMvrHSW0uCZcrDV/8rRwG+wfUW+USZv9A6EhkA0C0htTGX4Aec2Oy
EQKsen/JhuGJ2p7kNkR486YiB2hpGUxTVjsNk/gS8dD4i+7/dCUnrafi52OPK6ES
srFfUk74i94qAseS/Zre0pqmek3nK5Yz+Yl2ufBiL5CWtchxvabFPFdTzd8Ddqoz
5RdLlJEpAalMRoFfkEvcMHw0INQDC3dHojW0trmm/7Xkkig93fABOqbTeaNaX8qO
wuG7B1SivZUTY61cL5t4oKPL6CKfiVfjSlLKhHEXxYDE6DWpMKRsvPmc5Q82oVKi
q86rnT1JVu1cqzQaW1nMfnOdcZmBFt7BpFYpUNF+vW4za5swh+uEqnxutlHiRgoo
7u3r9amfYRckeldR7jzpOze8OnNrdNRvjZtl540b8XK8xQGXfbopGpevzPFYDH8n
YaWUXAmAoAkvZr1gDjlFgBk/YqMRskZb9Xo9R92iDxdrN0FqA6Tzx//sGo0+nVUp
beUdnMBzVIjCdmWnhM3OiT3+Z1eoK7ArVWHdqxayuka1ghIDTKqWZTFayPBlKgq4
VjvjaTL8508Fl7arW+TLHU7z/gW95krtVuTbl2+mljq9V02Yit2WaW6Qsers2Y7i
TPSktZSrPJSiIVk1y9y4Y5/YZCVbHVSd3eGvXtOglyFJNdmCvhO8Amu/hX6dTH0j
4iSgRRTEjup+6qZUOHedmpVzUCWTcoNFlluZEBDhcHee2zoPUU67MkmWGDxqmD98
jlwaXUUXZQxvpkQofKB4vhFQ6E0xn4bUHbBsOw37RhHS0xdAmvr2HVEgq/pqId96
TQRcomkFTdAyeXBbvG5xjUxfKIoAHw15LUoIw7ISAkSuuOGnzVMo3auHg40m0fIK
UrVg3801CeT0Mg2TOGkvz8dEOfgnxInT0fEgqfIifuS950UihGAXASUZBMvRnYs2
0zf6BFdMqo6CDEGLXDm2rV23LfW8ol5TEVcC0jvK2DdgmMtEjkWR8ZAVYuODouVB
nHIM1djx54mJJaw2JHaTaJYB0c9yjsVhJ659DpTTBDuifHvSLvfZ7TBVOSnqiRuN
cdBGG/Fgo8MI8Jd9g4jR6YMOdF4OouOf4re9veNWxg4sw3vlJXWAdtFqGeubcLu7
uR8GgXBs5dZFM1EvQJr+Wi2B2YTbTKaun1lAxCyyIvCUOiliwCBobAe6qeAuNEvP
G7hP9DSYhc5Uu9TPgkj4BxEawk9y6Z2gMXvlVtcneIy2AgnAJ0jD88KBbC6c0pd0
9PWajpaCuxyP2PMInIzqiLq+i/hb7HUwmUN5u4FXM74hAIJ8ILalw/OUu1MgWYam
nQ7oalXZR6XKeOPwl2v8RV1vaXWmfQ1SgqI/a909sB4q/0GoMzb4QmzY8PZpfIcR
bQGYhoHldhmIMnS9KdC1QGK7ASz7xY8tniZ8WHk3jFs5YlX3D6hPGwMqF3JNyIUD
fYO16MWW+6kitbmcny2yvNHyO3XoNuHuIJBnvwfxeUvlgOZCcdXoVtfyP7JVnDqm
UGOroYLjPzryIacnjv9hIBx/+eY8iVmzwdJ4sj3PhAc6pG5q84epFfU0La7n2wgH
eEV1WdkNQpNvIQAL4duma0XFVsEDV3AgVXUAET0nhbqUpbCRVCpslPtjDaMfJoXi
hrlQ04IzHQwqKAR0RtKc3co5SI8SESXszN/cf7Xxvv1dH2DRkzsLH7UrJmQ+BYLQ
5Nk78+UYQ++cbds+g5pLoUVQMNgHHE4+2VULgdV01zfLqfGOLuwfRkaPbWcuSH1f
4qybyP8SnU7U1mXEBAMl67XompW472Rpq0sCxNAGCOiWcS0HUbRej+OhqFzE8VjX
/4h76VxA7zMxUTdZDo2+ZW4EF8fQejq28fpxPDb5Blfky4rwsbA7UXtLbzflXnZv
7+RWn132gH7rnjCpAOeyptdIDDlJTymon6yD8SAZ7gIjlS1lI5NHW8osZmk0RdAW
ublzI6zVxs1FdlpME/yjWlk1UDh0tYNRaWIc+6tNjwhVj1glxVtmi/HpiuAtAN8r
lCXge/bxNOegu1vnpa2o39cfvPlG7N1KanyDe91rEP683rrtwVHCbJkvVi+zRSGN
NrcoKajSl64F2D2naMY0771SUjmxxeXlkuWbB4OUtppwbh5ggcPOQRPW01GVuxG8
sFdK1W9nEHKruI1XVXYIAUapXGZorqM0sPL14nZIhlLjVTFC0HgBHFy6kKOF2B1L
N/BgoeIz8j10gtVVbnH9594xtPoEyPNZXyrRme7Op5KJyLow2a1zZFS8iiUnQrVy
aq668Whb4vgbnr5w6vbsi512BkKErwVxnePOjw7lzvc3Wdw37qg26L67v3G7HF9/
4frtW62Etrct7StiplqJzlJtreOOfPoSG4LUFzyenYKI5ZgRVa65Ky/Cw5uwDyhW
NkMU78UTrY13h/Wnyqs9DdMrYMTHHy/Hn3wyQaDMdupMz2mNqfn4+oNX7z/AFJ3e
Fred6VarsIotp/leEwXNxqiDhbtwVLWV1j6rameCKeisa8WyXIWYGokr/ca1YP1R
4Tsfby8ULy2t9oxq+P6qxAI5718VO/MRNpya76WfV+/KNIBeNOfGHYra2swlKchR
lLlrQpfuqtXk4OpQNfB1qXN8fYEDAJ9WDJ/wUNTZlYSe7tje3ghSCZ4tmD2UQCR/
FMxLNMvY8QBqqtSVjQWAcpni6xifNyBIrYFtrThPlaI1jxGoWlODeemM5js4UBwR
Y/UoWDsPJ3E5BCPAYziLadv1oUNnUyIPabMcLW90Gz/f0/c5QXvSmcWzgoy/jiu7
o6Nre14Q5aWoZVR1OGP3oVC+y53KA6bIMY8P1+vT4KqZ8Lo0i4Q4Z4Q4ewgpbc3M
gmZmANcDkycXNISTZjlkHI+vCCudmJNSMEy5WIJOoQrBOhepcoJeDe7L/tIgbS1p
8oKXn84/eXM79TxPT8arig/TZSlRMTcCskEcC5tSCXrUD9zV8LSmO5ia0OtiGevx
9eu9SECVp2eSzTxYaHaFWjIbimUWExdD8wr2MTCXUWpgtCHi69cOr/eUyqSGQUkQ
qDUnEGWMDUQs2VRxFwlktepxS78qPdo41Uyf6AIPJApEYsbHDpq03FgfD6j/aBFZ
bbBR4yQYqTfD1M92qlbvWv0dyN6G9ZSmoT2GUcsB7ynxdvmLThdMUE92QDdF1lTB
PS8voQRiAxONN61w3RLt9XmqiQuxYltrhxsd4YPQY1jtBaENuqtIdoXw0x1NbmvD
aJ59Vx9FhUPja0HY2yyqCKQ7hXFCtVJ9UtfO6EyR4pGOXQQNp+j5eeAvaK9e969k
Sw9/hq1etuswFRxCX5iP0bZWb+wjTGPJt2MSHQRbLIme407hiwRYAvsWwizRIH6y
y5xA+FfPg9TPHLJONyUqXrNfcelUa330QSPuQ8pcoVytsrLmQ2LbSiW9TtIgsjVK
vugWALYVuAYgyF4YqRuFgkGYBzAKAZ0YixlqaGn0aqUKOPUdiDnFNGTnZAtb8Vcl
db3IkxBNpwt9UxIOlMFJbFueUCr7HDbq2GERh1EbtIWFN6m4WH7a27wQb8St92ar
8eRaK3xToiQJ+lyuceHAn/iJcCQUheNW2ArfpozN7kfRC0fdo2bYu0Fl36kWo4U/
q4dRiBnfjS9Y7EWtcCgCucjh4MFgoPGLBuFbse24+xi4Pgj0xmRLb+JO25YQa9v0
jwNT6cUqdj4WXUnTCtmWCRxv+eFKEcKN7e3NrYayZVRR7sHD3F8l2QnxXaGHvhJ7
EijbmKIZzltq6WJYCEJkd/ji0QBt5oyMstsHLIcbxUPakYWdLJVmjyW43ro1bI+1
mGQMdixnO4lcg9YRWxNpiwLNgG9CV0lCT6vtQ4Q7XT15grIO4J9Cdyq5lbWTrQnk
ZUqB/6wJ3ISzeWUctNKUPtAuLOqHRIjgAo/m1tw6fpnyBwEWB8WkinHVTTEHPLUd
e2i3LT+rrpuDjnE6YRxR8HWA8bTA9wt6ziRrgfgje0KTIp36k03my3zr1lm4cChS
sjNX1QhTKSYwW2K4Ly2lY7e1pbgAQ7FEwdL1adP0C0M0+HzBZQbcgyP+ZmA0Ky80
gIqQHtLLNBqGk/xRPolGdAqGBC0tip42ZcHCC4dj5s2IeKwjynOZKmdhejqjA+VU
Fi4l7EPTv5VzVy/UNPS1DbhEKxl3xmolhrjDiuQ8lclNfxhiutT4hvpQuAMR/pao
wGEZ70FsSh0eOkzSYaBOFohXrajW0WCb6MzIdSxR7M4Mjsh42dWeRP+dbTm2bOtq
avX39tSDrbkrNQu89vXGikSMu72fDXA08ftUlSFOvzn+xeekecycUweqiJHa1kQv
bWktuBK1uLTW8O1axO1I7OvPDkGIKAlYIDzNF0NxXgP0xlHqd8zgfTFqW6/v+yAB
gg71R098P0APZ31ae8uAwYUU2osRT53YwNsOOy4q9NIESjr32Zrygfze4Q86qQpt
rXBrFcQaNPtjQApbHz0wJRgR79LEqCrKKuyzsnqaKTBbjajATYKlhcyamwPmvbpE
WWldtXNnMrlyWBUNfVGRHS0931zY7fFkGHrmC4tuqeWj+FJedqyd+uo7Oo+FeJGP
taF6vqAGS0C/Kcij6kVRBDZ6PeYo4F6gmAwqZBHqOkncSBua3T2H1nUk2x84J5o9
uiSWRxfHDfQ0OVUYHof0jQLcw7NaEBbC2X5smUr4KKrQIAxaAxfWw7VA/V3Q6OYw
50GUh76TZ71+S5rrwzj8Td20EgbBU9BCjH+qQQecEb5TCjSiQ6KFXqDBgKFBSxSH
7CC2com9iCgT32sQRxEU1wGaLgKO6OxAR6wdQ1RFFw+wvSjhLV4CKPM6TVsrIBd+
uHa1UL8Fg766tyc3VjbWqqvQ7Qrp0/wFLkozlvJDGLMOUX1BNm4rkKE7KZo4bGu5
v1wHw7QSV8AsHnAbaDTE/EeMV1XtiTluO+ggq15HEWhLJUdYcIXnC4I22yji/Zux
l6TpYp0sVuNskq+T5bhPf8/64/k6S2aPkuUaHqkm4+VqDefc48lyPRgPs+QUncLj
2SJfD+Zz2hVr0R9ej4aL+dnpeposTtbTHB9myaP1/GwFPUZikIawqF0vcx7Xenk2
pZxP1nBhvX5Erc+98P24VTv+WSDao34j5jiw/caaVX691jD8gEWmjVb4Ydy65Xfq
CStELtbZfLLOp2neX48W6/F0qGLs0sxwR5I1waZkGvgQwke9RtD96Dbkaa3brfEw
/DnUpT60wmv0toLIujUOP6bn9d4LnaPzRrsVpgk3GslV5ZoDQweUK02ddBEKq+7M
ZbaKvJmt2eGhmNf4Jk4NgTEvCNN+3FLq5sro8qO4t4YYUGuhN7maPG4dtfzj5FGy
zrNpEkjb+DIQqfKtOrvaufvKnQd3jrrro/2jfRpcOowvpEtR9zD0binvV9OzyWp8
Osnj6/rp+m3q0K2WfL/t9YjmHRIYkFKDcT7pL/OV5CnewCbSRpBMHLNccqhH+ryI
ujfNN5lmlYUf7axUzYvlrLdWC5V9cbuiDO2CivpNRvrM+1OqMG9WBdhO0nuC6pKN
H3rhx8rje9Q9CMHler1NmI7i94i4badDBAHnymJ5pvmlqW5yu0ha4ZjgQTfKz3KS
+DumjUuM+LVveUOFTer9fDHmQO2EVei77kyMrvbHj26xlBO95YdeyVnolqq+Yp5e
K5JsArvkf8/AHhXvCaHFqELgTOPGMg1VYsD+fV1xhLokUSDJbQm2DH6g7nJ9TYMX
9H05okqgBMQQ+ABbu7Q6d0ER5ueL5LRMZX3ZcasRN1Vd7pDNSBXbWwgPwsreB838
oX9AA5jMZznbvGwzMSCfHa0FXXmYMp1h0fAifcB37c/CuRB2bnhtzBCUjP8N3jGr
IBNoTYxM5j2I4P/VppNrq5jQ3RUUE8y1sNhFk4gc8E5ojU5WLFcQpXpQCTuLxJcq
gY87iis6kW1virRjj4J4XWnqbOY2VpLP8JLTzt/2dWkIW65PrlXh8V01q8S774+J
KeGqbMqV6qOxgunjUe9qvT+fvpnMxqdWfLn6wbb7a5eg4CRb6ULGSRzDv01TJe0d
TrP5g0BHkLGbLs5jlYwg+KKeHV7lA7yqRwoGlB046uOJUEp5MrPIa8STKtQQdcyR
ubAhOyn1RDtG92w/xrTMA4ck/18/focEvXouSkOS3c0DsAdVnp/tGXRsBSuCZxfC
WRY7t32RPIMIV2bDSsQtgeONnBJyP93lelr25bUHp5jcFY5n2d+tWxSEdkbUisgH
Noy33xxdqH7JbW/J1C/4yZ9wBM9p25c7AIiW1dggfb5IS123O3SFJybtGSm1z1nq
9ND55OIIxmullSBco3TW64cRpcSpek2i1NnqJeRmMLogS94rzAfSoQc9VEZDjgLj
1gGwJ6OjE82Nsrkwex93ZBLwu1JkiKgCicVjFyQaTW6fcrw/Gq90yMT6BzonRyMY
dv2f07d163VXKMgAtsmOTknPdb/1IZF01w6JQL1287YnGh3O3q68UlGb/ardq7Nc
sYd1luLiPdGaDLmCDCXiDX5+RQ/axaYimP1CmhLLukVTciLTlFF1k+55sXBjeYdc
BRW/NCHj9B2OWFRH25mDnt3R9Jm+2b4DYPkJ39FJCKwyFqimgsrAN8ziErhuFxQD
e0InGrIDlZdmqgB4EMH3iUMg2e0qcqoEtrdmqpMgqFMQetbIIcuPZElkTFUiPK5Y
9U15gNEoqVrSo63IYkjgw5NYuT21A7wQg3wXEIPo3y3f5Iilp2b/2D7UaV9O6vFV
i16QfQXaVFb0Cu0503JlXcp73dBsfnZucGxtljzMOkO1p6I0CIelVsucxzg+3tuz
9cst9tFGPGPErbXhwiESCgKymCt7B+TxxWCRDFloOt5EEFymZ1TkNZWoSIHwJODY
TDpvOKqs+bAzjOFYqMAj0dB5xciGrAcFxGWo4WHorRZe4TNlQgBwavcTMcH3D9uT
W1MO091XOlqddCwTNUEMi0g/5hLJHYz/ej2FuHVya9bRCGcEIpWWNhoFmxNVPwd5
wUKehOmpi/tYTurMiavjUbmD27gsYZDkj9lGsMzssieFcKw4Xp2uW1ivqRhHjSym
tnqDH6sct3768Catd8wG9cccsfXOijhSKG/eYuyW6pPgYLfiWMGKpDgtTiZs1p82
mTI7E3wBcghOvTOWiG+sYn8esrB6BPk3jSiPdw3XDwpSkKYQYerpXHAX7Gpj2q7R
ofEnafYtnSi93NGQAyOaUqKYIpddAgsfzCNPnjzN3iBJPXqhTQdHhjCX1DtMkWu6
VsFEyCEc+PjFNwxaM5HDhANOq7tvd7W3cBkfHlsArk75sPosQspdvAUXcIFswIqD
W10VoV3eyn3jut5IOSIBm3yL2YZ+xojoHmrlGIizr8OsHru4p8A3fURXMWpCpSuJ
bZLT9s465E135Qalfd+wDOjBySMHS5bQ93QOGoPm1EYzszlXw5F6cIdQ/nBX5LQB
67/Z64DLKGdddFh70VoC2XGRgtkbsa8sCDBgXjzxRwL2htBa6A577UZjGOTsuYay
IyXEG2tnw17vmKtg3Zng4gsrouxWFZt+nAsnodZjBMqejp07zcYH67DN1x5ZqCBP
6mpwxq4eIjsFqwBzAgm3pX1t2XJ0CMYG8B/TDjxp+ycERI8N28OR01UXTgoDPmrx
pBFr36InhYvVgsA/sXQCkOlj2RknQXASp2Vpo/L2fHESn+wi0gU3aWr/5Cpqn/AX
MQaTHs1BIdMFGgN9M4/TamVY9oTSSUeOLGYeRO+BtnPTwrlFv0/heOmkMe3e1Ddl
s/39YA4Xt4mFeq39zOJrWebT+Jqel/BhPAHKYKE50MZpZ+6IHu03C+xEU2Upo28G
VFErh7rdGscPFXyB9gb8F+zvjwOLFngIHX9vJaIxqgbv2wBub4/Td/Da+BZsrNFu
MXF7ex/oMWNQjvRja2d8oNebkbY9BUEI/8BF71gvaFGaar1uAjno24kwK7JH/UWs
qZCgZJ0q6m8LVn9LZ1RsrM1R8Ra0Twr1kpFcBZ4QVWM0TEZEtQFs9KFUtE2k143D
klx7G8G7Uu6nk9ge0SHk00eV5A7Bhi+hNusDMKwjRdVnHredvkCI38LFli6qXK5z
hbbCT+ndWV18o3Hir5zY8UDK2/BXtvYScb/oMMv3apZYdwXOsUZKqVCJqEZh97hx
iOgPCpUtic/rOweRu2HUDjVABSe+LYtmF8IDIU7DImKzij5HRECxZxCeiaCDRPl1
dXjbtC8SYFoFHhlF0xSMzfLIUqEP3SKxLIww4DKLx1ZAYYVZ0riPa3EgHdxbcEeX
hfTtGGYfJjmnOTABrxXXR5Qw1KGswHdIClMVb4xAnXoC4lCPTajgKRdQw45MQc3u
XDQu26iAxymbrZj8QajqwFjg2lx5x3sYt5LJ6SiBh9kAlvq4Wl3ErTlBhvHqSSzJ
uFFdxi2/e2f/53rrj6ZL2Nunq7j10T7c6EKl+HHQuYayZyqRSjyCtnH3aL/RC2L+
bR71c757Ts/ji1OluE5EZLqcT6i3XvhovByn4wk1HGn/ZnBvRgiIEtLJPDtBPPXH
cdd7Ix+sCN28Ox6OVl4vTJ9Q2oP5KSW9PF+t5lOkfRKmd8L0ZVExzpaOTr0yCN7m
nol1yMpStuLmLcmyfLnUgrrMlfE7noHgzSGlncA34uobbQLqBrcOCZ9F4C2XHGko
ulDzHl0MHb9Pyra8sNb8BLJyldkrngr1B4AYr+MdelFmjJakM02VGe4hqOG3GMrC
FdJk8rZqHcOiM/F+junF24QIm9fN27zINl/Q5pmxavf5uD8/56dP2GKdn+bzacR+
55Yc9plG6A0m82TlRRbjtVy+hrSOp5+8yOOuygsiVT9xHIxp7/hjtnexlQvrLP9w
3r9CmLOuxq6IObCnDH2m+YSBQAbLdZWH8Bivk0SEGvcIKvA795/e12uOhCDW4ejC
yd6eR8vlERw4YT7whNkAqDJD48m+DR7q9TnGMRxp9cl+iK1nScqGcfpIMC2rPFFj
DY5z0DgMbjSGRNo0CCEsZX78YldBMmHQpuokYAghotimFsfLt5K3ULX0pu1+rXOF
si9ovGieiMvTx5q8JGaAUIUasCiAncBkj7rQV8OFCBdDjPtKmDqB6SFvg11CL5lm
e0WG9jpkvdBZh6wHapy3udk1e4g6pvZXoFhEvTJDZsCHemUOTFfVgjCtnH5i7Ic+
kWMaLs+dq1SL9SKG2rX9S9mTrd5GcI1cPMYIXNfOtBsPLqgKWZlQXli/7GxxFxZR
GLBm27veiI8gnXc6a8Re97bYazNdaS8ug5BishViAwBEyEJauvdRX71w6FRL7yqJ
DkFPTAHezm1DNuKzdJbiOjsX92rbgKuerrTlp2mBKHxrE4uVcHrb6kIDe64U01yB
Hg5rrQerE7dGXBhqpQtpHig8weSCmrqPae+4r+qeLNKwUkXJYH9jHau7otjUvHYY
tA4PDhqeF6UMbD2vagYEaGv4Ap8TdptM/4xx4PLFGPbSHY9xsq/H5TXSG9xKgAbo
XLA3Z+kanQLz5Hm0wwBy40M1mXwpRlBl6g8NI5c+xAUQ06AeFOS3TF2V8YQAEA6w
rmZBJnOjG4zThzKrw6DjVJ8H0bDBDpd48dx7f72Si3wyBoP0JiHh8YwRubuq0+JD
1crynBa788LQCeMZsNW+JhesxtOOxpxS9/5CHSerKS+IzErZXSg2OTQLN2w2KJzs
N8f5ORQQrVdAmbvz6SlNZ5+XGJTdnSq/C8BjEC0U07cMvf1rh2UnyaHf33JsaDUo
urD9rXZ9iRbEOCQTm+13VFh1dlUB83AhFQTsa1OeraZKBsCJVFiQN3SurQmqNKq0
djym4+Vd08H+7t3c7jsBN/Z9w2234WtLotQoEE+fWWYb50Fo4M6AktKz4pk6D/u/
wYpP4+JsBuVM05r9rnKxlGsrvdRTTsM9Bn9jdwGgo+6PP8lBi+VTInvWazhBHzZP
x4/zCchYBnO6TLazpb6lAaaIu+RsNacaEWX9kzi9Q+zry8q+kIX4lm0hC5DthKaQ
1xVWoA5KYIe28i7kn1F5jiWcN34c4aA+1q9z/W9z0SUPaalnV86WOq/QTRDyxVMp
CjbN5rPc24SlbjOHMMmrePjKAfJ9n7A6r8Stn7p5AMbl1RgBTXrXiBF5DREOOxzi
MP1a3HqhCVPH9HVwLohbEnVrR6seTNMRBxGqtAtic6aU+Z6YUmbzyXwBBeKc/7CK
r37YJwiUQF83GU/W0p31dI7wIUJqrbWj2vUCIVrXyzxZZKP1Kp+wE1TRFz5bTNbn
eX4SMHf1dWk1SednqzXx3vh3tL9czRcJVdBsHO0zS4FoPmv41V0v8uWaiIUhItNh
ZN+QCr726oP166/eeSVA2hvQpG0dtejxTZqODv2+FbduiTDgKO1+dKvH4Vw69VtH
LUm9Hdzi5OBGkdQaUgfflvpLvlyZq3yH6oZKc/qz4CQ7e73g47j70V7vBiW9K6zi
+VHjqAnnIRGHQIHqL818q/NC1GPv7RH7egs6iMaSgjoixg6Bc8P0Aa430vf47zfD
9P0w/YA4whstr9egH68n/gy+GYtzF0WUph8GSNuyxk+goPxNcQND+JayqLdN+n6c
viuEOSW5oUc4tKWjkIqubVFghUjWuRxP7xu65351gGMmvq27EYdDZbouTozHQnbL
DlkVCCp1D5uIxS7sIXQVrF4vqQewbxbJikfbg0gJBhrWbW8WdHwdxj5SY8hiS/GV
MQJroPsZgvYeJ4/v56sVbGqICEn6zO8nE+ZS3nkbfmjkaI5Fv1NK+Be05WF4Rg1E
oxC6+WDkJGiNx+8R9YGwHOQZW6R5xnoly9P5bMlSS/gXWr6bL+eTR3nfl8uKPu5s
bAhChTa4guSr6GGHpk9UjY3WQOGrIn2LqSex4R0SsRCw7ctYSPR+2IXvxQRysJLS
xlLrNleoEOpZ49U1GbWynFWWk3bpIFYrF8nNvJL1dWxrIOeLUmSosqC2K5qxTE22
oXYtT3Mqd2Ei1iU0pPxwSAl960Tp96x0FrBCldPptkUua02ER8nEt+UarFglTkCN
ZSxtTbFQyhx5jO77Bbodpdz78BEIn6jQPkpfCz1Ad/h3CaKKrFl1Vrnrs4N+84Yn
gLeqydP8lB/uqr3KLxyQTb6fsTBJnnHh+mVibburMueA9nZfusz3ht7pfLly+USo
9oIzt5L4FhGtWIe9L1facF4KZ624qLM00OWg8hHNQjmvfDD74VJGFeXFyR1uSveZ
1LX7jDOiqsWi6oVJh5DYiKQ3ISV+/f7bb22d+KpSx0v4Ot+ECgSdnZaYh7STfuwn
JRgVRH7KQctLySHnLYafmHr5e8QAi7DOePkGEH6Ufl3xuu/D10g4nMxTSq0fCEhj
4KqN/gSyAdyPCSVR91qP98/Pz/cH88V0n6rNZxkdH76fn2NaWZhONSXLJ7OMH2i2
T1fUh8fTSami6SSs8SXDY8BNVieUSwcBpGwtIQm0ucczL8SkuXUgRVVi3VSE8KaR
fmBZLnLraKcl7XATLamQK2mxK3sGyq+xGY3qsE784M03dI9s4O1xG4+IXWFv7d4N
7otHh1eFrOb+13hAmA155cWPGKYuc2wZlY550MnUINGWk2T1NhunUOXKLB3VYD3r
8AuNZX6H8L7IBNKf89MHASc+IIptCXqXE9+TxNJu1m8cED0LJ+GUkf+yHsc34fT1
Jjxa4YpkAe+PRND5DxF+MsXNKHj58BHBnaT/hCDKilD77YPOS9EB48t5uAjPwnNC
xY/jSSdLCe08CidBlIZPwk+A9ZPb8c0DIs+TWy8eEHkOtdEXD14Sp5bN8eDNeX88
GOdCjDyJH+HkvKum/XW2cPO9N5Llal9nJIQ34OtTndA96cVP0NIn1aVfXSVDLpTT
AzJ/ouNboh/n7KF9qisP5yaCJ3szi7OMRvQYQbo9BU4kjyLb7gQX9IWXccGe2b3w
LL6jIpSdxedMKJ3TsNGQypDcgg/EhIihzSNiQJLV2ZKOun7EXiNKr+Fn6/V5EM47
I9AQIBlYwTEPu4vwPHyEqzb6AGpHpz+i9DM65Lqmu7gkZT+oaQhfDBC+DIeYEuwQ
amHe8RTg9yKPkQFBe6qmT60uojPWhBqMF7nVAKWtAIzdujRW8bg05dnfH6hYB+Cp
5AbKKQGExOauls6vTbsB9LE8gGbhQpz49AtYeHbqE3Etrru1Dwc4exvGELKDCCg8
yhHSqI1nNCOzDA0N4Ewjx/UH94r1VV7JB7Q0IMlYFH83mUzSJDtZ+t6cCtWm+XS+
IFaQJrJvTS06hii4oPOn+DML54iHSwdiGR8g0nv4KL4ojk10AGncu/nDMwLIr5eD
v2jh5LKQ0LlhLpJ4ClQ5ZWlzEk6gu5S66uC0+e9MJu7+X1ZQaAh2e7MzU14Cto7M
1g0p+17kQtLHeXAxh8RZVBqIBH9d2JBZEMy72baGdZx1b/Y2WTzvlgbVM547cIGh
I6eFc4Kyi3E/f5NgEWMlu0NLCPmbU/UpLusjEzu6cC3viK0gEMbphLv29k6b/AwF
nXPiNEoVbNoIwDifjql/j/gsyQkh2AJSnRIkxO2j5oBYaXrV1H88hl8H5/A5NBJg
jpJr8HTeusnKBKl46jsGSdXF3xCRXHtKnyBOurrCHlW9GuWgrtKSGUC/SVgi9v0E
UdToMWjYcbPSr4XO6xshEwMNr9WCi8+mpo1wKc/i2SKJ5u1GWfqnKMP0HZTNFnMi
BOZTwtlWTHjNlnJnSpxpqVDdry/W6wWrqXC39vYWHOGLXuBO0190X6T97i+UIsto
tTqNvM5XDqKXXnoRwhlQNpyDS1dkCfQY2QikIF0KHwH81VEOlyTDQMorVWMzjkSK
XSMcjPCJ4aOgOCFKAnTYXkEGyvQWSmKv9rX6xXvEyZkIjc1RQruFqZe4nn5DeRcQ
ngTAVkPSRkPkXDvgKZH66lLMrjG40IOX1WjQhL2pm8BW6Xh7BPw7XtDQo1R38/wG
RRrOx/J3UZGIERpAdvLjGBoN5zSKJ5Kt2GU/G3rXDj+OvcbjoC3780mD8Hss+To7
e+FxmQhh/DZ+sXDFiPBmUax19AYXD1YasQuPmmVY63uqgn1k8UKnFixDQYvQZJ3E
J+owhVvURnXt9waGRNm/Pya84W2XZMZDqJCdlbxFUGafHWd6Re6AIdFW9jtMcXv2
IWYdpn5T0eJd90uvs/NLw3cT4ETvBq1ICO+kHzS8du1hfNA84GulICqqgUBLrhDP
AMlopQTtBBX9PQvN5+6ZuJztK9MIMJ28R4tXuZ8kiBv2g1hWWU4Y7T0FwjXorh9u
dA8uNNN3GDKgpl8jnzncBI+oYb/PrRN5Swf4PesA10+Dc3//MPTemtcMVe3pmH42
BXxYQVAx36wJIJogsEVYipVQ1Oz4+mG8FAfrILEtxKwH5KnM4BdNyUDMkJbU6ilN
KnGtk/BcWwZ9IoQ8YRPu+idKE02irn9iNKAesW+fZFriC4SuEoVnlyl1DXTToJPC
LiLsd3WIqV4sDOF7794D+Ue7FmYJdIDp/FZ8IZzVZiyvRHM7BXJYCNvNGDR4xQ2U
0tx9BxyieE2C+q4SMiTOhbBvBERiMsnCE0jfTdQIFkMK7s0SOOiCPm4G/3dqxvrK
K8uejTtfCb2GV5IgCHQm6s4+7Ih+jbNLv0rmn/UNsMzyuOUfxcFRx99bXwvWR52j
TmvcdshbMI6ExjJFiwpHfKpJ00q5nVKvIhDqNbJ+oyHddPhGn6URzJWeesWMuXFd
bMAIhPrFIgGDS1NBnAaX8tWvA1dQoTQPp+D8VJdwkn6mFB5TRglEtxNLapIYGwVG
ZyZWZfWElLar+5E2r5uAreymhKK8B16JgT4UkRkdTmLCY15j1PCu3YQHdKfHiDCh
90aWE9sbcmka4zF4EMEjbg5kkTmKoaBzTAgZ1xzaeKNAhKopPk+jINBVH+vyJyE6
7JCYw5iYAgCOZHKePFnaAIbzjmG94UzUmFAlPvlD6NDi8q5ZCDm6SuAlQgyrKWqJ
2TqOREYzUztPljXiomvYrbkVmwC1bsLSBhCBmMqiZWrFXlX73wiTJENU1lENa45w
aEc6/LRUpT/eL754tvBItWZVuC5ytkoiIJbkqEoclmOgCL9XIS9OLGFd5ZHUoiyH
aTG0lvLpy2/wR5nY9DN/Y9pSRHmJahg5TVMGlVU3xao3Vp3GmgM2loTyQFxVq+ji
qwfta2Spdsx7sXQcFbA///72LZdR9lV4k4AOfjAg+XR3BBHLikmETJ7j0jcUXi7A
OOMA95vzGe68Yjww5gYblVPZ2dBBdqJ8lMH9toXh1+sWSuf9taYeWppeLTIFwdWt
sA/ukvE5zH9c+3OO0U7tD/2bBwehkTIRBVAy/++74VS2eF2aWbQlPSLO9jAolGsz
KDLcYUz1geDOjlXOWLgDIWajIBsRIJEaojoRUIgEno3aJaz9eLS4qlJFmjH+VeJo
AuhjnyB7duzDF/U4dA+NwqjmAj+8YFFmvU6rNKcTx/qV3vl4Nbq7yPs0oeNksoRC
XbIJNv527/zAVtfCV+amnCNheiD7oJ7ZRwFQzmiGUg/U0aje23xvIZeWmbQOu8N2
1jyjNQQp0hk156fEwGd8YsOM92kmGz4sstGjvoyHjG9nEbE2QksixmZxAmuA24lQ
hI+tBNgOZEZ8srdHDZSkLVVpflEkCN05Iqos73of7CtSn7gfNrcD716ZHnsfvPnG
68Sjqw+WkT13Pg9G25zDcZizQr/QvCfBxWYklHDmcIYZY5q1+C6DUn9xzJW67TEk
duE0nOlYDSwsXK9HNnUfxy8FbMUVjunrqBKAECk3Pw2zAZ04YZjpzIyFp8EIitqI
VngJU6o5FmYmjuOREusQgTFqVgru2FgJYsV41LTuJkKa8VkZ2lI3p83H00k8o0JN
4CWrECTKPNwT0yqS1GTOA0r3vE39GPNnDqq7yJ3jWKrtEIyKXjp4KUL4ysObN19k
KujmwUuANVLhKdHfgGbEjZwGmynxST5mfRoignRdbd7tGe/0iSrzx3GjkQ15Xv1s
tF7THzYWha3+mQC2bEDHmmc7JuBZuTo7gWMZKp6g8oyO1DTMZqIuspoPh5N8vRzN
z6Eok0MtJZuzTkjjaL8XBx2/e9RvsGpI4HeT/U9+qneDNWIy2g8P466lGis6e2IL
IM/KIgDOU/swfZJv6sWYC3SVUq0upSwMbNVAU0h9U2/aCKFr1PB7xNYsXNfmGNsu
E06+spFrmgNbq6OZzMbTBAEzzwhdUwVe+GIQSlmjegw8MXI8ZAxv0T+YhovTFOKx
+lr5ipUEHf2rkPi7j3GCCdV580nfKGFJhFdRw6oqCO3RkLN47HlluUQNprhVtrqB
MHvk9wvtgKAw2dT9vzADEKmF0uDf6gmff+4I8S+m3aDc3x3jxFXbxpXtYgturdXz
rBEK2muk1jfcXiOM9QsWantOQw6zoGZ197rtmO+8YopVu6ZV571YaZlQV+j/sRza
iHe5PIc6qWqb266i0/kcpmFeu+Rko8QppcqpimqqWi0qSrSNQ7/KBYtWa+x3kkhr
lIyXvhcp+6JA+w/pph05Y5EsY8837ljsJZau2IvszMqA0MiDeWkGLLMgrk8zIaYP
vNKFOc9B0ERPfOXmzLRvrIPSTagcZITqW0WLOqU2hHQG8ZDORI7MOwS+S5VfDpmg
QrhCRHCg/azYdoTwAENlqyaxiHwtmD6cE9uuutZXGsfjfKlNJsYiBLoYOiYfYyLe
aINDjReSoTiB+avC9HiG3hiLjApR1YgwQ1VDKI5IYqoEPROrHe3KmWq7w1eTJcFz
Ds5pJ1AeCE5yfiF4sTzXchY2nOHtQohOWdnwJuL4iGrNU3NfVfg+CVi9bsjFBXOJ
z3mFhKB8kzJFOJjMz+Mur4UcSp0YVqR9UJX4ISYs01ZrLoQWXXkDwCWHMqCxob+l
4CtFXoZ2/Vt53l++kTyBMuqawLnZMQzRrfo7VrcMUHH09CMrh1gwBMGmmIG6vuiq
GF/sFUe52FvH7H+WgNNj7ZhoLPuH9lQ2E74Su2du8IIMXp3vxhiGTbyeKqXTd+FD
dABFAX9H6XButkJH5Ze3IDzuzgm2BNExZED065/E2Vwu70YBkabHUCknQvSk409t
C5kTDk43i0/k7s010up41ABMtMIZcAQ97bHbElbP576NQ3+6Xh8GjRkakeeWausG
blycvBPKRl3gy0Hqhn+iLvr2Y49j3wY3pg0i91F+SfSTz6cegyoSRqwoqW8LDjYi
6RzgaOV9Jf7UgudX4fCqkC/bwJLBeW6OUNitIyJl4sCrQtxjwzkLHSiPOPLRV5kQ
vS2kzm77YdKoyr2gZNVXrSQhbl7r2oujVIxL78FjL+y6XkW2nSxp0DyyUSTCe2e9
trYUfgXbSoxMEUwUHfX7oqJLRWIYF+L2mFjExZJt5YqNGLT7YKM/PpsxmIfqGaeK
Dg5zauYefBjAYoI4BvrLjYhzVqVGDEMEiXGvXRWAsZJdMoROHAv3qWycNCSzW5Wd
lZssfKqk+/vtAMYcYusszpgA+zU+5296OdnipN9hzy1wWcIfl8mjnJkZCPjhfsdE
wkEU4KDtI7xbPWO6op/LGnF/2AtYoS15sZzQEX1lfj6LClL7MAg5+b3TqKDtdOID
oXRsioA+AfvfmxVWvFKTUAVvn62sD1ybJhe4quKbqvCL/fMn26SFJhVSTSA41yZ8
9HaQZ8XlvKUX1HFPGbTk1L0ehHd0CFLssxINl4T9swXLfKMkFKQZSdZUXSdZFB6l
b9r9pi4Bnf7HsDjpHGgVc+ujMVLtFIlR8YjtzOV5nFB2Ns/dIhd73tfpxh+JsBhq
tyl6soAlB4F+wfmm/hJhzWpQCigVj87lgKtRi0IBSwsnfYsSCFXVndIeVclE4NYN
1aYONJfbmFuzjZ7lC2DUpBy8wNojWaN/A673QcDszOXjKnxEI1r6yQ1+fOde0LrZ
aP50cKPfyGhfCtCJYO/weGs78T4U5+BLaMExAMQJV65UT4n2IlBKyH0xRgg4/ECv
S7YqrYyJMBZfnJ32HeLWrZ1gTH6qALCdVEwuN6w8uCqSKQh9WX/K2DUd6rGPVEk1
eyJQEx0SkrT7MB4UlVtVGCKlbr4KUlWBj4oEq5ACxy7Kc+tlAp0mNy6INGtcyGKw
jRh2J65hbdCp4+wBfbPFGB2tNEowKmDqLeRnIyezcXKeGVhTCaYSqM6nlf17Q8a1
4Fv2OINNKiRp0tEZ8KZegbjIa7bDfGlS6fgIqkIwkFXcVxOHlxLFU8xOQfmM1BF1
9oNg+pHswGLqRgXusO/YclMOALpgpcUfB5HGjxmiN3KZdrkqujoTo24aL1y6+oyJ
5PQoZy/w65Mhrm12Cj2FezPiDHGDNaRs2Uk4JFQsKWwH4giRBHInDuYvdcHaIc6s
4MzZm5BdBBcEYHl7hU5hVA1ky37ulRs0IfrUM6hX5RnT+cIn3/A4anF1omKDOoeR
2gJcD8yHTY80W1yW0JSgQnlwzzU/X2YC0HpcN90sD/2Aycq8wgO7+K0oTohyGVi0
OHY2r5IL5rfjscFeDX1W5LQZv+LqaNFxqzxWh+pYMTzFLUkVK2zNWV0CuzCFWJU3
qKwghQpT/YA52/qhuGAgcLnFxlns5HJE9PXJ+4vklFnKpXE/ye7EPqB/H275ORgp
KOrper1G2ouLZnAjz+ZccobpkPGjzx2S5PV6zJspuHqUek+MwD/KxkpZo8wi0UfF
dkqZVi9/1Uwhf2334fvR0A00VcUraHpFGYwCrW9aP9yMLQro3mwwJnD4pGPWPY9g
2r3v7ovQWvusVVRQbI6Bkmd0v2Ar9PyiKtq/B+FhWFQXVEH2hq+3otWp4IZuOXC3
YsEgWh5xgFfCC0DALXDHeFBxPZmOP5TdKoJ7NhpBwpxUWE8AcPEIBkLEOswdZCpO
pipjcD9xWAGC8wnEjQ5fLLGHwQXbaxggnRFkILgtOt1CUEbESxCQ/pmDAyLul6sI
98uanoheOjhQoMFQ+y65KLstUVDKCAThz+acemYqskslFmEB82qLzEhswqRT9Snm
qhsJ49hIcrjfNo5Vmb4jUdB62wOJpqxK1mqloaUh05XT5DG0wXl0qg+GY3keI3a9
casM45S3M7NXTJbCK0jCfC06tNEu8fUl1Xnc+mjFltZEvvXXI7lseizXVXDIt4bR
EVLbsLR7eX42w1XQ3ck4n63eBevEd8KlK8MOC8vFnr7C9B7nAj4RWfc/2ZaC2EMY
qGpwbytW9oqzhaa6aFam8ABaCs6i6tTe31OeAdfXA3tDNJOoWkGiaiaVy2PEJakc
ua+vjImW3Gj1NqcJ2Ixs6a6wIgC7Esi0FwpIDXRPss4FjmLWpL8hHCJEGftF2ESc
fiBpB2K2Av/M6DHh0+yJn8OKZNjMuIcP5qe4B7VeDsIT8xUXe8VneaOqCWSfJsP8
Q5kBW0MhnT9+c97P4X0CmjHzyUQ1YF7CqSr9wfOU1h0o3sJZzINuTPaPw3kso25M
93UoNR7+TIY/32yi59pi/7tvMD6DHLJZPr/Dujxw7spRw93dNKLlKzsoQXhv3gFY
ectRCq31ced4209KKn5SotT1zDMxPZCV1G9YGGWKw75eLS/7hGaICBrLz0g53dcL
Phg/JjSrPN/t7Z00tRc8UMD80VNx8rIv1899XGIUW6545S2EVQCpMWm442k4A7L0
dvrzfPnWfHWn3395vujnC/cKAF/Np9fmiweAkndm/bv5ZLKEXOhca5AW17vSusWX
ZrQ+KE8dYVcjAU7atDILOmfyBNoc2dkattLR8ixdLZJstTQdfFsRhjSkb4oDEehd
FFRp7Cm/It6/YjdP4gxGj+4a67D0xP24H0BfjTMvoNbH7hKN7T33pbaSDMZgWhso
jYvnAI1sZeINMbZejCifAc5EAM6UiTYFbS6KM7zN+hg/Mmi98CpTGpTad/dm2eSs
r1xD3Zu9bOrFtZgz98Z5TKH2EfASZVdlY/0NzucMKlWIRbyYbY3ElpaaCvWse6Ds
i3XcMx5vinUpFl+HlQcQZmQok+EHbBqpamZrTfFTKAkT7jVBNPY9WLjNXK/7Fvjg
O3QVzFnkPWF3FI57iJUdsu6NWE+Gs/Zxx5/ERQdZ+WnCCHZGv+zLKHLvoGT7z+yk
sez2LbEuw0Vxd0dsw5CVqalqIyQ7wVvMaftDRnBTZEGrVh5xpMQ/++IiCfdX3hk4
F5BYaSdt8otu6iSIcp6wk0D83xcqOMbjqCvKqyuc6KAukaxogkzFIbEBjm+uyM3a
9ePssQJ8OhyPuFt3KZQoNUXajNn3n29DyyQ8166GHQtN6HZejkLruRDNFOHZvbqM
AXFSyD48MpR+mT7bl3ppLezZq7Cl4LncGfzPmXuoPgPW6IiAEKGpmbe83OtLbeeQ
2qA2MVBIqi1Uxl1PGjyvIbuXLXvSEGDgCZT0GhnrfHX72xEO4OASqqMxOw3NbTqs
njs7bygkq1Hn73gW8cieLDvDbiKpiiCFANTK04uqKUxNI5WJJeovYgb3bfqM0qKc
/jjhCsrXmNxVfCEg1inoXz/pcMDhAnf4QZSFSSeLrPQHYLZVoBKasKw06a9rfb73
t11dmonPSvbaPPse+4KnxXCsJ5wDbVa6o4B0p+JU9Y2Cn1f00w+UBbc0NSf4W2pq
i9RWbQFS7WgLcQZoReUU02LKWdvZan+7tR0bKrG95SCHvm9/rSh/NRfAhHgRvgp9
KQWv4u7pIKGoWwKQ0xZWhkMWr7e18zxhtDCDHFTH2YPFnb5JhqQsgcEX6/ndvX//
8C6nEL4dEtu0tzeyq6RdDQqs8EtAhb6qx2soni1W1OmVMJLd4ogjaauA81UKCGTZ
VaD4qm/lYzXbGuEj9AvhegfT6hmx3YUeB53jaOycU9EbtG5zlRJDJ4kS9jbIRy1p
SgBqgoLX4oHOLkEsQE6oXQDNJk5rJtO+/ayK6yTfE4tBaD/YdoG6y3Ca6Z/z3gja
P/kTt7TbOHo0T/IZNv3sJv2N8ZIwd77wr7/y9ptK4fwNthC5HtaKJmoXP/kTtVqr
Vbv87LcuP/3B5ad/dPnZn14+/dXPf/WXn/35f7x8Som/evn09y8//Tv+9PuXn/3l
5af/9fLpf7n81tPLp//p8umfP/ulX3z25//35ae//g8/+OGP/+hvUJ3ZcjwoE8bd
ewFu9eAYbKuPogdt9yxXXePOvUblanfeuUetPPv2H//4N3+IDjz9tctP/93l039H
iZefPb389L9cfvbZ5ad/IYXGg5qasCYKm8q4uvLg7KFTC9/9/rO//W2dnbcVAoXX
4l3jus7jus7uv9hkrG21ZVf+D3/yZ5dP/+4f/vZH9Jdm7vO/+f6zT/+D3dCCNemp
Jehfod/vijlBsKtGqsWt9E8///b3nn3n9y+f/jav2q9sL9Ot8XRYG/dBUS+Jsfdu
U6Fn3/21z//9H/zTj759859+9Cu6KenM9mJ50Gr37KXC58BMsOrk97iH37n87E8u
P/vly89+xFuoNLlq1Mk5DVk1J71qV1b27X/8xV979u3fpmo+/4Mf/fivfu3y6X+g
LfDsj37l89/6r26V6ROiaKjSbq+6pnK3/vEPfomnAZ2jaTh4PBhcPv0hZvdPv//j
7/3Sj//417DjdDeefeuPkJva/e7vUO5DmjRr3mqw162xfvmYunDQpp9bGKSWstcQ
iMOarpp0tzvuYRooHwzG4I/jDuBWba+G7ljj2DhDepnQ98+8dPnpD/lo/iWG9Nmv
6PX/lIZAw8NtSu29d9949j//8NmPvotd8lt/Rc+lBUd1O7e4rAtt8uUio256uBWM
vFpDDgeb+9ScftEnr51y50LkS1fzxBfXU83BYj69qwapNJOVUyqZiiBof4lOfTzK
Fzh+bDT9v3nf/gUtYUPhFo3I2H9BPdu1vDeerb7yYC5FfEAeThEuWFVQroF2MhX/
mZdKyQLG+1gDz/rknoeaHAjphDoTlGaBaPxXVKWfGrrI8iwlpOyPiVWa2R2rLuQd
zTw7D/owpnQqvOtMfck1VW2V5mI1Bzqgz6tR/tp8MW1OaXnA2ypXj1Z2ICvJXpqE
f3FHNjXWMXQqJdrp5ck8fW8xgf4do+RQlQwHCWUnhpWPRnP1GNZuFZO0qYW11eIs
Lz4a6J307yxfHs8S6q5sKD6DOiPXsLEL/68iPWRI/18lQIrR/f9kiA3o//XIEPvU
0KLOpHUqE2Iv05HhPQ97TuvI/Kudkw3+/ORP6LHWXJh99pVExo1h3H39vbe+8fH9
nwOoffyVg4ODtv6SFQRRAZFjRZ9QHRZ9EutazL7NROdqN8ph43GuhuBzwshjHFJV
piaFRHho+mJS+SzhKdtUMTY1cRZQdqNJGa75ZS5GAVLhxbBYtXpMmOjMBBd0oCvt
jmSSL1b+9cunvwEy6bPvX372x5ef/ufLT/8v7MW/+Ntnf/e7vIH/8+XTX7h8+rdE
bV4367MFV6+q6/LpX1RV9zuXn/7GdWvF5eEaAav8sXjywV0qAioXHCH3+9kv/82z
7/zO5We/i80MqPjrn3/nR3LWnv3BXz373repQTpxxZb9x+//IZHIGBVRrpT7r38g
PXn257//Dz/41S/a5NwlC+N4yq/w7p2/sfastWut6sf9sKa8WITEN8MtCx1lAjWw
KDfrxKT8WONprK5kdRYyZVImWc1TX9VoPJi0PmreCFth7fr1YPfKSfkritpnUvXp
bDAwANKmlgxBowtVsQJFLmEFrM5IxcIJIJvDCZR3ShUiKUDc3//df/r8V58Ki4RZ
R9L//F2Cy5J0+a1PrfHgsMhokNXvqo401UB7Ye2i5uFkebWoVnKwM12arVJTa656
d4d7Qvvuz+EA/tl/+73Pv0VY80+lN3+CQ/LpXwNtfvoXxFQBjf/wz3g0vw10AYD9
l/j06a//+Dd/n/ot1SqcSswMddh6Wa/123menoxXlNYuDhQzA31C/CsiHD30hrZ1
UVq59xAjGnr3MSFmy2xXYJ0Ns2e3IVgL/kbwAKEWfuGGqIbMBNCEKPRqSSb3Wy8A
pn2dINx9gXslhu7H//17n//e70a30kULNU2SNJ9gc8VePstQtFa7JVSCAEw4qJp7
qjFQnl6NqcTYO/AY7aJYrXX7x7/5P/7xP/2h0E+3WlxtqX46cV+q/kOpH8VqitRF
O7/zV5dPfwBYaJENAseKZqmN5WlCcAKi3tjj+BDRC4PBAbCYd3tvli5P2/L38lvf
+/wvf/j5L3z38lv/x+HBN17++//xf/79X3/n2R8xVUbw9dP/jiY+/RuQHAISv/XU
Hit4/qd/ffmUNuefMDymgsQY/wGO0tNf+KcfPaWFpK5Ip2TSn/3iZwzabYrCoduo
ws+/83v/9KP/SBMoc4WJYJJTTZQ8ywzKc+u2XtLRosa/Ou6DngXWGotqP3Pz4PRx
uya6Y1Ht5gG/ehYJJbD5NmOg38Axu3P/1S3BgH/n/t179z7//i8/+7PfDmg4sq+I
6lbToiAJkB1BiFst3Rv0LOHGFMtQo+Rhvoq9j9NJMjvxbhc8w+Vn3wLqo1Y/+zNp
lUi6e6/yHAMvPfsun2vMH+jlf/rR7xF2/If/9gOmo22i8k8Jhj37s39PxOCtVmIm
yt6G6dlqNZ+Zvffsb/+YVolWT+1xQaPbk6ym5nmWz+Ib1CLaKe5SmjkqAOLWLBlk
+W80S4A7gDP8oAEP+xSnh/8HUEsBAhQAFAAAAAgAy2ocR1nprHYwiwAAfIUBABQA
AAAAAAAAAQAgAAAAAAAAAEJhc2U2NF9leGNoYW5nZS5odG1sUEsFBgAAAAABAAEA
QgAAAGKLAAAAAA==
